Qflow placement logfile created on Sun Sep 27 05:04:48 PM UTC 2026
Running vlog2Cel to generate input files for graywolf
vlog2Cel  -l  /usr/local/share/qflow/tech/osu035/osu035_stdcells.lef -u 100 -o /home/pratyush/apb_aes/layout/apb_aes.cel /home/pratyush/apb_aes/synthesis/apb_aes.rtlnopwr.v
No apb_aes.cel1 file found for project. . . no partial blockages to apply to layout.
No apb_aes.cel2 file found for project. . . continuing without pin placement hints
Running GrayWolf placement
graywolf  apb_aes

twflow version:2.1 date:Mon May 25 21:15:08 EDT 1992
Authors: Bill Swartz, Carl Sechen
         Yale University

syntax version:v1.1 date:Mon May 25 21:11:10 EDT 1992
TimberWolf System Syntax Checker
Authors: Carl Sechen, Kai-Win Lee, Bill Swartz,
         Dahe Chen, and Jimmy Lam
         Yale University

Read   50 objects so far...
Read  100 objects so far...
Read  150 objects so far...
Read  200 objects so far...
Read  250 objects so far...
Read  300 objects so far...
Read  350 objects so far...
Read  400 objects so far...
Read  450 objects so far...
Read  500 objects so far...
Read  550 objects so far...
Read  600 objects so far...
Read  650 objects so far...
Read  700 objects so far...
Read  750 objects so far...
Read  800 objects so far...
Read  850 objects so far...
Read  900 objects so far...
Read  950 objects so far...
Read 1000 objects so far...
Read 1050 objects so far...
Read 1100 objects so far...
Read 1150 objects so far...
Read 1200 objects so far...
Read 1250 objects so far...
Read 1300 objects so far...
Read 1350 objects so far...
Read 1400 objects so far...
Read 1450 objects so far...
Read 1500 objects so far...
Read 1550 objects so far...
Read 1600 objects so far...
Read 1650 objects so far...
Read 1700 objects so far...
Read 1750 objects so far...
Read 1800 objects so far...
Read 1850 objects so far...
Read 1900 objects so far...
Read 1950 objects so far...
Read 2000 objects so far...
Read 2050 objects so far...
Read 2100 objects so far...
Read 2150 objects so far...
Read 2200 objects so far...
Read 2250 objects so far...
Read 2300 objects so far...
Read 2350 objects so far...
Read 2400 objects so far...
Read 2450 objects so far...
Read 2500 objects so far...
Read 2550 objects so far...
Read 2600 objects so far...
No syntax errors were found

syntax terminated normally with no errors and 0 warning[s]


----------------------------
Total stdcells     :2565
Total cell width   :2.59e+06
Total cell height  :5.13e+06
Total cell area    :5.18e+09
Total core area    :5.18e+09
Average cell height:2.00e+03


nocut - replacement for Mincut version:v1.0 date:Mon May 25 21:09:40 EDT 1992
TimberWolf System Floorplan Setup Program
Authors: Carl Sechen, Bill Swartz,
         Yale University

Read   50 objects so far...
Read  100 objects so far...
Read  150 objects so far...
Read  200 objects so far...
Read  250 objects so far...
Read  300 objects so far...
Read  350 objects so far...
Read  400 objects so far...
Read  450 objects so far...
Read  500 objects so far...
Read  550 objects so far...
Read  600 objects so far...
Read  650 objects so far...
Read  700 objects so far...
Read  750 objects so far...
Read  800 objects so far...
Read  850 objects so far...
Read  900 objects so far...
Read  950 objects so far...
Read 1000 objects so far...
Read 1050 objects so far...
Read 1100 objects so far...
Read 1150 objects so far...
Read 1200 objects so far...
Read 1250 objects so far...
Read 1300 objects so far...
Read 1350 objects so far...
Read 1400 objects so far...
Read 1450 objects so far...
Read 1500 objects so far...
Read 1550 objects so far...
Read 1600 objects so far...
Read 1650 objects so far...
Read 1700 objects so far...
Read 1750 objects so far...
Read 1800 objects so far...
Read 1850 objects so far...
Read 1900 objects so far...
Read 1950 objects so far...
Read 2000 objects so far...
Read 2050 objects so far...
Read 2100 objects so far...
Read 2150 objects so far...
Read 2200 objects so far...
Read 2250 objects so far...
Read 2300 objects so far...
Read 2350 objects so far...
Read 2400 objects so far...
Read 2450 objects so far...
Read 2500 objects so far...
Read 2550 objects so far...
Read 2600 objects so far...
Splitting apb_aes.cel into apb_aes.scel and apb_aes.mcel...
	done!


nocut - replacement for Mincut terminated normally with no errors and 0 warning[s]


TimberWolfMC version:v2.2 date:Mon May 25 21:18:34 EDT 1992
Authors: Carl Sechen, Bill Swartz, Kai-Win Lee
         Dahe Chen, and Jimmy Lam
         Yale University

config version:v1.0 date:Mon May 25 20:57:18 EDT 1992
Row configuration program
    Yale University


config switches:
	Graphics mode on
	config will inherit window



config terminated normally with no errors and 0 warning[s]


TimberWolfMC terminated normally with no errors and 0 warning[s]

WARNING[findcost]:Net <vdd> has 392 pins


TimberWolfSC switches:
	Graphics mode on
	TimberWolfSC will inherit window

TimberWolfSC version:v6.0 date:Mon May 25 21:19:07 EDT 1992
Row-Based Placement and Global Routing Program
Authors: Carl Sechen, Kai-Win Lee, and Bill Swartz,
         Yale University
  0 
  1   2   3   4   5   6   7   8   9  10  11  12  13  14  15 
 16  17  18  19  20  21  22  23  24  25  26  27  28  29  30 
 31  32  33  34  35  36  37  38  39  40  41  42  43  44  45 
 46  47  48  49  50  51  52  53  54  55  56  57  58  59  60 
 61  62  63  64  65  66  67  68  69  70  71  72  73  74  75 
 76  77  78  79  80  81  82  83  84  85  86  87  88  89  90 
 91  92  93  94  95  96  97  98  99 100 101 102 103 104 105 
106 107 108 109 110 111 112 113 114 115 116 117 118 119 120 
121 122 123 124 125 126 127 128 129 130 131 132 133 134 135 
136 137 138 139 140 141 142 143 144 145 146 147 148 149 150 
151 152 153 154 155 156 157 158 
 block left edge is at -399
 the longest block length is 85280
 building the steiner trees
 rebuilding the steiner tree

----start doing coarse global routing ------ 
 ITERATION  1

  longest Row is:28   Its length is:83840
 doing feed-through pins assignment
 building the net-tree now !
 set up the global routing grids
 the starting value of tracks =  381
 tracks = 360 at attempts =  1000
 tracks = 357 at attempts =  2000
 tracks = 350 at attempts =  3000
 tracks = 347 at attempts =  4000
 tracks = 346 at attempts =  5000
 tracks = 344 at attempts =  6000
 tracks = 342 at attempts =  7000
 tracks = 341 at attempts =  8000
 tracks = 340 at attempts =  9000
 tracks = 339 at attempts = 10000
 tracks = 339 at attempts = 11000
 tracks = 339 at attempts = 12000
 tracks = 339 at attempts = 13000
 tracks = 339 at attempts = 14000
 tracks = 339 at attempts = 15000
 tracks = 339 at attempts = 16000
 tracks = 339 at attempts = 17000
 tracks = 339 at attempts = 18000
 tracks = 339 at attempts = 19000
 tracks = 339 at attempts = 20000
 tracks = 339 at attempts = 21000
 tracks = 339 at attempts = 22000
 tracks = 339 at attempts = 23000
 tracks = 339 at attempts = 24000
 tracks = 339 at attempts = 25000
 tracks = 339 at attempts = 26000
 tracks = 339 at attempts = 27000
 tracks = 339 at attempts = 28000
 tracks = 339 at attempts = 29000
 tracks = 339 at attempts = 30000
 tracks = 338 at attempts = 31000
 tracks = 338 at attempts = 32000
 tracks = 338 at attempts = 33000
 tracks = 338 at attempts = 34000
 tracks = 338 at attempts = 35000
 tracks = 338 at attempts = 36000
 tracks = 338 at attempts = 37000
 tracks = 338 at attempts = 38000
 tracks = 338 at attempts = 39000
 tracks = 338 at attempts = 40000
 tracks = 338 at attempts = 41000
 tracks = 338 at attempts = 42000
 tracks = 338 at attempts = 43000
 tracks = 338 at attempts = 44000
 tracks = 338 at attempts = 45000
 tracks = 338 at attempts = 46000
 tracks = 338 at attempts = 47000
 tracks = 338 at attempts = 48000
 tracks = 338 at attempts = 49000
 tracks = 338 at attempts = 50000
 tracks = 338 at attempts = 51000
 tracks = 338 at attempts = 52000
 tracks = 338 at attempts = 53000
 tracks = 338 at attempts = 54000
 tracks = 338 at attempts = 55000
 tracks = 338 at attempts = 56000
 tracks = 338 at attempts = 57000
 tracks = 338 at attempts = 58000
 tracks = 338 at attempts = 59000
 tracks = 338 at attempts = 60000
 tracks = 338 at attempts = 61000
 tracks = 338 at attempts = 62000
 tracks = 338 at attempts = 63000
 tracks = 338 at attempts = 64000
 tracks = 338 at attempts = 65000
 removing redundant feed-through pins
 the connectivity of all the nets is verified

 block left edge is at -399
 the longest block length is 85280
 building the steiner trees
 rebuilding the steiner tree

----start doing coarse global routing ------ 
 ITERATION  1

  longest Row is:28   Its length is:83840
 doing feed-through pins assignment
 building the net-tree now !
 set up the global routing grids
 the starting value of tracks =  374
 tracks = 361 at attempts =  1000
 tracks = 354 at attempts =  2000
 tracks = 348 at attempts =  3000
 tracks = 345 at attempts =  4000
 tracks = 342 at attempts =  5000
 tracks = 340 at attempts =  6000
 tracks = 339 at attempts =  7000
 tracks = 339 at attempts =  8000
 tracks = 338 at attempts =  9000
 tracks = 338 at attempts = 10000
 tracks = 338 at attempts = 11000
 tracks = 338 at attempts = 12000
 tracks = 337 at attempts = 13000
 tracks = 337 at attempts = 14000
 tracks = 337 at attempts = 15000
 tracks = 337 at attempts = 16000
 tracks = 337 at attempts = 17000
 tracks = 337 at attempts = 18000
 tracks = 337 at attempts = 19000
 tracks = 337 at attempts = 20000
 tracks = 337 at attempts = 21000
 tracks = 337 at attempts = 22000
 tracks = 337 at attempts = 23000
 tracks = 337 at attempts = 24000
 tracks = 337 at attempts = 25000
 tracks = 337 at attempts = 26000
 tracks = 337 at attempts = 27000
 tracks = 337 at attempts = 28000
 tracks = 337 at attempts = 29000
 tracks = 337 at attempts = 30000
 tracks = 337 at attempts = 31000
 tracks = 337 at attempts = 32000
 tracks = 337 at attempts = 33000
 tracks = 337 at attempts = 34000
 tracks = 337 at attempts = 35000
 tracks = 337 at attempts = 36000
 tracks = 337 at attempts = 37000
 tracks = 337 at attempts = 38000
 tracks = 337 at attempts = 39000
 tracks = 337 at attempts = 40000
 tracks = 337 at attempts = 41000
 tracks = 337 at attempts = 42000
 tracks = 337 at attempts = 43000
 tracks = 337 at attempts = 44000
 tracks = 337 at attempts = 45000
 tracks = 337 at attempts = 46000
 tracks = 337 at attempts = 47000
 tracks = 337 at attempts = 48000
 tracks = 337 at attempts = 49000
 tracks = 337 at attempts = 50000
 tracks = 337 at attempts = 51000
 tracks = 337 at attempts = 52000
 tracks = 337 at attempts = 53000
 tracks = 337 at attempts = 54000
 tracks = 337 at attempts = 55000
 tracks = 337 at attempts = 56000
 tracks = 337 at attempts = 57000
 tracks = 337 at attempts = 58000
 tracks = 337 at attempts = 59000
 tracks = 337 at attempts = 60000
 tracks = 337 at attempts = 61000
 tracks = 337 at attempts = 62000
 tracks = 337 at attempts = 63000
 tracks = 337 at attempts = 64000
 tracks = 337 at attempts = 65000
 removing redundant feed-through pins
 the connectivity of all the nets is verified

 block left edge is at -399
 the longest block length is 85280
 building the steiner trees
 rebuilding the steiner tree

----start doing coarse global routing ------ 
 ITERATION  1

  longest Row is:28   Its length is:83840
 doing feed-through pins assignment
 building the net-tree now !
 set up the global routing grids
 the starting value of tracks =  363
 tracks = 346 at attempts =  1000
 tracks = 340 at attempts =  2000
 tracks = 334 at attempts =  3000
 tracks = 331 at attempts =  4000
 tracks = 328 at attempts =  5000
 tracks = 327 at attempts =  6000
 tracks = 327 at attempts =  7000
 tracks = 327 at attempts =  8000
 tracks = 327 at attempts =  9000
 tracks = 327 at attempts = 10000
 tracks = 325 at attempts = 11000
 tracks = 325 at attempts = 12000
 tracks = 325 at attempts = 13000
 tracks = 324 at attempts = 14000
 tracks = 324 at attempts = 15000
 tracks = 322 at attempts = 16000
 tracks = 321 at attempts = 17000
 tracks = 321 at attempts = 18000
 tracks = 321 at attempts = 19000
 tracks = 321 at attempts = 20000
 tracks = 321 at attempts = 21000
 tracks = 321 at attempts = 22000
 tracks = 321 at attempts = 23000
 tracks = 321 at attempts = 24000
 tracks = 321 at attempts = 25000
 tracks = 321 at attempts = 26000
 tracks = 321 at attempts = 27000
 tracks = 320 at attempts = 28000
 tracks = 320 at attempts = 29000
 tracks = 320 at attempts = 30000
 tracks = 320 at attempts = 31000
 tracks = 320 at attempts = 32000
 tracks = 320 at attempts = 33000
 tracks = 320 at attempts = 34000
 tracks = 320 at attempts = 35000
 tracks = 320 at attempts = 36000
 tracks = 320 at attempts = 37000
 tracks = 320 at attempts = 38000
 tracks = 320 at attempts = 39000
 tracks = 320 at attempts = 40000
 tracks = 320 at attempts = 41000
 tracks = 320 at attempts = 42000
 tracks = 320 at attempts = 43000
 tracks = 320 at attempts = 44000
 tracks = 320 at attempts = 45000
 tracks = 320 at attempts = 46000
 tracks = 320 at attempts = 47000
 tracks = 320 at attempts = 48000
 tracks = 320 at attempts = 49000
 tracks = 320 at attempts = 50000
 tracks = 320 at attempts = 51000
 tracks = 320 at attempts = 52000
 tracks = 320 at attempts = 53000
 tracks = 320 at attempts = 54000
 tracks = 320 at attempts = 55000
 tracks = 320 at attempts = 56000
 tracks = 320 at attempts = 57000
 tracks = 320 at attempts = 58000
 tracks = 320 at attempts = 59000
 tracks = 320 at attempts = 60000
 tracks = 320 at attempts = 61000
 tracks = 320 at attempts = 62000
 tracks = 320 at attempts = 63000
 tracks = 320 at attempts = 64000
 tracks = 320 at attempts = 65000
 removing redundant feed-through pins
 the connectivity of all the nets is verified

 block left edge is at -399
 the longest block length is 85280
 building the steiner trees
 rebuilding the steiner tree

----start doing coarse global routing ------ 
 ITERATION  1

  longest Row is:28   Its length is:83840
 doing feed-through pins assignment
 building the net-tree now !
 set up the global routing grids
 the starting value of tracks =  411
 tracks = 410 at attempts =  1000
 tracks = 408 at attempts =  2000
 tracks = 408 at attempts =  3000
 tracks = 408 at attempts =  4000
 tracks = 408 at attempts =  5000
 tracks = 407 at attempts =  6000
 tracks = 406 at attempts =  7000
 tracks = 406 at attempts =  8000
 tracks = 406 at attempts =  9000
 tracks = 406 at attempts = 10000
 tracks = 406 at attempts = 11000
 tracks = 406 at attempts = 12000
 tracks = 406 at attempts = 13000
 tracks = 406 at attempts = 14000
 tracks = 406 at attempts = 15000
 tracks = 406 at attempts = 16000
 tracks = 406 at attempts = 17000
 tracks = 406 at attempts = 18000
 tracks = 406 at attempts = 19000
 tracks = 406 at attempts = 20000
 tracks = 406 at attempts = 21000
 tracks = 406 at attempts = 22000
 tracks = 406 at attempts = 23000
 tracks = 406 at attempts = 24000
 tracks = 406 at attempts = 25000
 tracks = 406 at attempts = 26000
 tracks = 406 at attempts = 27000
 tracks = 406 at attempts = 28000
 tracks = 406 at attempts = 29000
 tracks = 406 at attempts = 30000
 tracks = 406 at attempts = 31000
 tracks = 406 at attempts = 32000
 tracks = 406 at attempts = 33000
 tracks = 406 at attempts = 34000
 tracks = 406 at attempts = 35000
 tracks = 406 at attempts = 36000
 tracks = 406 at attempts = 37000
 tracks = 406 at attempts = 38000
 tracks = 406 at attempts = 39000
 tracks = 406 at attempts = 40000
 tracks = 406 at attempts = 41000
 tracks = 406 at attempts = 42000
 tracks = 406 at attempts = 43000
 tracks = 406 at attempts = 44000
 tracks = 406 at attempts = 45000
 tracks = 406 at attempts = 46000
 tracks = 406 at attempts = 47000
 tracks = 406 at attempts = 48000
 tracks = 406 at attempts = 49000
 tracks = 406 at attempts = 50000
 tracks = 406 at attempts = 51000
 tracks = 406 at attempts = 52000
 tracks = 406 at attempts = 53000
 tracks = 406 at attempts = 54000
 tracks = 406 at attempts = 55000
 tracks = 406 at attempts = 56000
 tracks = 406 at attempts = 57000
 tracks = 406 at attempts = 58000
 tracks = 406 at attempts = 59000
 tracks = 406 at attempts = 60000
 tracks = 406 at attempts = 61000
 tracks = 406 at attempts = 62000
 tracks = 406 at attempts = 63000
 tracks = 406 at attempts = 64000
 tracks = 406 at attempts = 65000
 removing redundant feed-through pins
 the connectivity of all the nets is verified

 block left edge is at -399
 the longest block length is 85280
 building the steiner trees
 rebuilding the steiner tree

----start doing coarse global routing ------ 
 ITERATION  1

  longest Row is:28   Its length is:83840
 doing feed-through pins assignment
 building the net-tree now !
 set up the global routing grids
 the starting value of tracks =  370
 tracks = 352 at attempts =  1000
 tracks = 347 at attempts =  2000
 tracks = 347 at attempts =  3000
 tracks = 344 at attempts =  4000
 tracks = 340 at attempts =  5000
 tracks = 339 at attempts =  6000
 tracks = 339 at attempts =  7000
 tracks = 339 at attempts =  8000
 tracks = 337 at attempts =  9000
 tracks = 337 at attempts = 10000
 tracks = 337 at attempts = 11000
 tracks = 337 at attempts = 12000
 tracks = 337 at attempts = 13000
 tracks = 337 at attempts = 14000
 tracks = 336 at attempts = 15000
 tracks = 336 at attempts = 16000
 tracks = 336 at attempts = 17000
 tracks = 336 at attempts = 18000
 tracks = 336 at attempts = 19000
 tracks = 336 at attempts = 20000
 tracks = 336 at attempts = 21000
 tracks = 336 at attempts = 22000
 tracks = 336 at attempts = 23000
 tracks = 336 at attempts = 24000
 tracks = 336 at attempts = 25000
 tracks = 336 at attempts = 26000
 tracks = 336 at attempts = 27000
 tracks = 336 at attempts = 28000
 tracks = 336 at attempts = 29000
 tracks = 336 at attempts = 30000
 tracks = 336 at attempts = 31000
 tracks = 335 at attempts = 32000
 tracks = 335 at attempts = 33000
 tracks = 335 at attempts = 34000
 tracks = 335 at attempts = 35000
 tracks = 335 at attempts = 36000
 tracks = 335 at attempts = 37000
 tracks = 335 at attempts = 38000
 tracks = 335 at attempts = 39000
 tracks = 335 at attempts = 40000
 tracks = 335 at attempts = 41000
 tracks = 335 at attempts = 42000
 tracks = 335 at attempts = 43000
 tracks = 335 at attempts = 44000
 tracks = 335 at attempts = 45000
 tracks = 335 at attempts = 46000
 tracks = 335 at attempts = 47000
 tracks = 335 at attempts = 48000
 tracks = 335 at attempts = 49000
 tracks = 335 at attempts = 50000
 tracks = 335 at attempts = 51000
 tracks = 335 at attempts = 52000
 tracks = 335 at attempts = 53000
 tracks = 335 at attempts = 54000
 tracks = 335 at attempts = 55000
 tracks = 335 at attempts = 56000
 tracks = 335 at attempts = 57000
 tracks = 335 at attempts = 58000
 tracks = 335 at attempts = 59000
 tracks = 335 at attempts = 60000
 tracks = 335 at attempts = 61000
 tracks = 335 at attempts = 62000
 tracks = 335 at attempts = 63000
 tracks = 335 at attempts = 64000
 tracks = 335 at attempts = 65000
 removing redundant feed-through pins
 the connectivity of all the nets is verified

 block left edge is at -399
 the longest block length is 85280
 building the steiner trees
 rebuilding the steiner tree

----start doing coarse global routing ------ 
 ITERATION  1

  longest Row is:28   Its length is:83840
 doing feed-through pins assignment
 building the net-tree now !
 set up the global routing grids
 the starting value of tracks =  376
 tracks = 363 at attempts =  1000
 tracks = 352 at attempts =  2000
 tracks = 346 at attempts =  3000
 tracks = 343 at attempts =  4000
 tracks = 339 at attempts =  5000
 tracks = 338 at attempts =  6000
 tracks = 338 at attempts =  7000
 tracks = 337 at attempts =  8000
 tracks = 336 at attempts =  9000
 tracks = 336 at attempts = 10000
 tracks = 335 at attempts = 11000
 tracks = 335 at attempts = 12000
 tracks = 335 at attempts = 13000
 tracks = 335 at attempts = 14000
 tracks = 335 at attempts = 15000
 tracks = 335 at attempts = 16000
 tracks = 335 at attempts = 17000
 tracks = 335 at attempts = 18000
 tracks = 334 at attempts = 19000
 tracks = 334 at attempts = 20000
 tracks = 334 at attempts = 21000
 tracks = 334 at attempts = 22000
 tracks = 334 at attempts = 23000
 tracks = 334 at attempts = 24000
 tracks = 333 at attempts = 25000
 tracks = 333 at attempts = 26000
 tracks = 333 at attempts = 27000
 tracks = 333 at attempts = 28000
 tracks = 333 at attempts = 29000
 tracks = 333 at attempts = 30000
 tracks = 333 at attempts = 31000
 tracks = 333 at attempts = 32000
 tracks = 333 at attempts = 33000
 tracks = 333 at attempts = 34000
 tracks = 333 at attempts = 35000
 tracks = 333 at attempts = 36000
 tracks = 333 at attempts = 37000
 tracks = 333 at attempts = 38000
 tracks = 333 at attempts = 39000
 tracks = 333 at attempts = 40000
 tracks = 333 at attempts = 41000
 tracks = 333 at attempts = 42000
 tracks = 333 at attempts = 43000
 tracks = 333 at attempts = 44000
 tracks = 333 at attempts = 45000
 tracks = 333 at attempts = 46000
 tracks = 333 at attempts = 47000
 tracks = 333 at attempts = 48000
 tracks = 333 at attempts = 49000
 tracks = 333 at attempts = 50000
 tracks = 333 at attempts = 51000
 tracks = 333 at attempts = 52000
 tracks = 333 at attempts = 53000
 tracks = 333 at attempts = 54000
 tracks = 333 at attempts = 55000
 tracks = 333 at attempts = 56000
 tracks = 333 at attempts = 57000
 tracks = 333 at attempts = 58000
 tracks = 333 at attempts = 59000
 tracks = 333 at attempts = 60000
 tracks = 333 at attempts = 61000
 tracks = 333 at attempts = 62000
 tracks = 333 at attempts = 63000
 tracks = 333 at attempts = 64000
 tracks = 333 at attempts = 65000
 removing redundant feed-through pins
 the connectivity of all the nets is verified

 block left edge is at -399
 the longest block length is 85280
 building the steiner trees
 rebuilding the steiner tree

----start doing coarse global routing ------ 
 ITERATION  1

  longest Row is:28   Its length is:83840
 doing feed-through pins assignment
 building the net-tree now !
 set up the global routing grids
 the starting value of tracks =  374
 tracks = 358 at attempts =  1000
 tracks = 349 at attempts =  2000
 tracks = 346 at attempts =  3000
 tracks = 343 at attempts =  4000
 tracks = 340 at attempts =  5000
 tracks = 337 at attempts =  6000
 tracks = 337 at attempts =  7000
 tracks = 332 at attempts =  8000
 tracks = 332 at attempts =  9000
 tracks = 329 at attempts = 10000
 tracks = 329 at attempts = 11000
 tracks = 328 at attempts = 12000
 tracks = 327 at attempts = 13000
 tracks = 326 at attempts = 14000
 tracks = 326 at attempts = 15000
 tracks = 326 at attempts = 16000
 tracks = 326 at attempts = 17000
 tracks = 326 at attempts = 18000
 tracks = 326 at attempts = 19000
 tracks = 326 at attempts = 20000
 tracks = 326 at attempts = 21000
 tracks = 326 at attempts = 22000
 tracks = 326 at attempts = 23000
 tracks = 326 at attempts = 24000
 tracks = 326 at attempts = 25000
 tracks = 325 at attempts = 26000
 tracks = 325 at attempts = 27000
 tracks = 325 at attempts = 28000
 tracks = 325 at attempts = 29000
 tracks = 325 at attempts = 30000
 tracks = 325 at attempts = 31000
 tracks = 325 at attempts = 32000
 tracks = 325 at attempts = 33000
 tracks = 325 at attempts = 34000
 tracks = 325 at attempts = 35000
 tracks = 325 at attempts = 36000
 tracks = 325 at attempts = 37000
 tracks = 325 at attempts = 38000
 tracks = 325 at attempts = 39000
 tracks = 325 at attempts = 40000
 tracks = 325 at attempts = 41000
 tracks = 325 at attempts = 42000
 tracks = 325 at attempts = 43000
 tracks = 325 at attempts = 44000
 tracks = 325 at attempts = 45000
 tracks = 325 at attempts = 46000
 tracks = 325 at attempts = 47000
 tracks = 325 at attempts = 48000
 tracks = 325 at attempts = 49000
 tracks = 325 at attempts = 50000
 tracks = 325 at attempts = 51000
 tracks = 325 at attempts = 52000
 tracks = 325 at attempts = 53000
 tracks = 325 at attempts = 54000
 tracks = 325 at attempts = 55000
 tracks = 325 at attempts = 56000
 tracks = 325 at attempts = 57000
 tracks = 325 at attempts = 58000
 tracks = 325 at attempts = 59000
 tracks = 325 at attempts = 60000
 tracks = 325 at attempts = 61000
 tracks = 325 at attempts = 62000
 tracks = 325 at attempts = 63000
 tracks = 325 at attempts = 64000
 tracks = 325 at attempts = 65000
 removing redundant feed-through pins
 the connectivity of all the nets is verified

 block left edge is at -399
 the longest block length is 85280
 building the steiner trees
 rebuilding the steiner tree

----start doing coarse global routing ------ 
 ITERATION  1

  longest Row is:28   Its length is:83840
 doing feed-through pins assignment
 building the net-tree now !
 set up the global routing grids
 the starting value of tracks =  410
 tracks = 410 at attempts =  1000
 tracks = 407 at attempts =  2000
 tracks = 406 at attempts =  3000
 tracks = 406 at attempts =  4000
 tracks = 406 at attempts =  5000
 tracks = 406 at attempts =  6000
 tracks = 406 at attempts =  7000
 tracks = 406 at attempts =  8000
 tracks = 406 at attempts =  9000
 tracks = 406 at attempts = 10000
 tracks = 406 at attempts = 11000
 tracks = 406 at attempts = 12000
 tracks = 406 at attempts = 13000
 tracks = 406 at attempts = 14000
 tracks = 406 at attempts = 15000
 tracks = 406 at attempts = 16000
 tracks = 406 at attempts = 17000
 tracks = 406 at attempts = 18000
 tracks = 406 at attempts = 19000
 tracks = 406 at attempts = 20000
 tracks = 406 at attempts = 21000
 tracks = 406 at attempts = 22000
 tracks = 406 at attempts = 23000
 tracks = 406 at attempts = 24000
 tracks = 406 at attempts = 25000
 tracks = 406 at attempts = 26000
 tracks = 406 at attempts = 27000
 tracks = 406 at attempts = 28000
 tracks = 406 at attempts = 29000
 tracks = 406 at attempts = 30000
 tracks = 406 at attempts = 31000
 tracks = 406 at attempts = 32000
 tracks = 406 at attempts = 33000
 tracks = 406 at attempts = 34000
 tracks = 406 at attempts = 35000
 tracks = 406 at attempts = 36000
 tracks = 406 at attempts = 37000
 tracks = 406 at attempts = 38000
 tracks = 406 at attempts = 39000
 tracks = 406 at attempts = 40000
 tracks = 406 at attempts = 41000
 tracks = 406 at attempts = 42000
 tracks = 406 at attempts = 43000
 tracks = 406 at attempts = 44000
 tracks = 406 at attempts = 45000
 tracks = 406 at attempts = 46000
 tracks = 406 at attempts = 47000
 tracks = 406 at attempts = 48000
 tracks = 406 at attempts = 49000
 tracks = 406 at attempts = 50000
 tracks = 406 at attempts = 51000
 tracks = 406 at attempts = 52000
 tracks = 406 at attempts = 53000
 tracks = 406 at attempts = 54000
 tracks = 406 at attempts = 55000
 tracks = 406 at attempts = 56000
 tracks = 406 at attempts = 57000
 tracks = 406 at attempts = 58000
 tracks = 406 at attempts = 59000
 tracks = 406 at attempts = 60000
 tracks = 406 at attempts = 61000
 tracks = 406 at attempts = 62000
 tracks = 406 at attempts = 63000
 tracks = 406 at attempts = 64000
 tracks = 406 at attempts = 65000
 removing redundant feed-through pins
 the connectivity of all the nets is verified


***********************************************
*ACTUAL* FINAL NUMBER OF ROUTING TRACKS: 320
***********************************************


TimberWolfSC terminated normally with no errors and 1 warning[s]


twflow terminated normally with no errors and 0 warning[s]

Running getantennacell to determine cell to use for antenna anchors.
getantennacell.tcl apb_aes  /usr/local/share/qflow/tech/osu035/osu035_stdcells.lef 
Running getfillcell to determine cell to use for fill.
getfillcell.tcl apb_aes  /usr/local/share/qflow/tech/osu035/osu035_stdcells.lef FILL
Using cell FILL for fill
Running place2def to translate graywolf output to DEF format.
place2def.tcl apb_aes FILL 
Running place2def.tcl
DEF database: 100 units per micron
Limits: xbot = -750.0 ybot = -530.0 xtop = 83950.0 ytop = 62330.0
Core values: 80 100 83920 62100
Offsets: 80 100
4 routing layers
315 horizontal tracks from -400.0 to 62600.0 step 200 (M1, M3, ...)
531 vertical tracks from -480.0 to 84480.0 step 160 (M2, M4, ...)
Summary: Total components = 2565
  Fill cells  = 0
  Other cells = 2565
Done with place2def.tcl
Running addspacers to generate power stripes and align cell right edge
addspacers -stripe 5 150 PG  -p vdd -g gnd -f FILL -O   -l  /usr/local/share/qflow/tech/osu035/osu035_stdcells.lef -o apb_aes_filled.def apb_aes
Stripe pitch requested = 150, stripe pitch used = 150.4
Stripe width requested = 5, stripe width used = 6.4
Initial core layout: (80 100) to (83920 62100) (scale um * 100)
Running arrangepins to adjust pin positions for optimal routing.
arrangepins.tcl  apb_aes
Reading info file apb_aes.info. . .
Reading DEF file apb_aes.def. . .
Recalculating pin positions
Writing DEF file apb_aes_mod.def. . .
Done with arrangepins.tcl
DEF2Verilog -v /home/pratyush/apb_aes/synthesis/apb_aes.rtlnopwr.v -o /home/pratyush/apb_aes/synthesis/apb_aes_anno.v
-p vdd -g gnd  -l  /usr/local/share/qflow/tech/osu035/osu035_stdcells.lef apb_aes.def

Generating RTL verilog and SPICE netlist file in directory
   /home/pratyush/apb_aes/synthesis
Files:
   Verilog: /home/pratyush/apb_aes/synthesis/apb_aes.rtl.v
   Verilog: /home/pratyush/apb_aes/synthesis/apb_aes.rtlnopwr.v
   Verilog: /home/pratyush/apb_aes/synthesis/apb_aes.rtlbb.v
   Spice:   /home/pratyush/apb_aes/synthesis/apb_aes.spc

Running vlog2Verilog.
vlog2Verilog -c -v vdd -g gnd -o apb_aes.rtl.v apb_aes_anno.v
vlog2Verilog -c -p -v vdd -g gnd -o apb_aes.rtlnopwr.v apb_aes_anno.v
vlog2Verilog -c -b -p -n -v vdd -g gnd -o apb_aes.rtlbb.v apb_aes_anno.v
Running vlog2Spice.
vlog2Spice -i -l  /usr/local/share/qflow/tech/osu035/osu035_stdcells.sp -o apb_aes.spc apb_aes.rtl.v
Placement script ended on Sun Sep 27 05:06:25 PM UTC 2026
