Qflow synthesis logfile created on Sun Sep 27 05:03:07 PM UTC 2026
Running yosys for verilog parsing and synthesis
yosys  -s apb_aes.ys

 /----------------------------------------------------------------------------\
 |                                                                            |
 |  yosys -- Yosys Open SYnthesis Suite                                       |
 |                                                                            |
 |  Copyright (C) 2012 - 2020  Claire Xenia Wolf <claire@yosyshq.com>         |
 |                                                                            |
 |  Permission to use, copy, modify, and/or distribute this software for any  |
 |  purpose with or without fee is hereby granted, provided that the above    |
 |  copyright notice and this permission notice appear in all copies.         |
 |                                                                            |
 |  THE SOFTWARE IS PROVIDED "AS IS" AND THE AUTHOR DISCLAIMS ALL WARRANTIES  |
 |  WITH REGARD TO THIS SOFTWARE INCLUDING ALL IMPLIED WARRANTIES OF          |
 |  MERCHANTABILITY AND FITNESS. IN NO EVENT SHALL THE AUTHOR BE LIABLE FOR   |
 |  ANY SPECIAL, DIRECT, INDIRECT, OR CONSEQUENTIAL DAMAGES OR ANY DAMAGES    |
 |  WHATSOEVER RESULTING FROM LOSS OF USE, DATA OR PROFITS, WHETHER IN AN     |
 |  ACTION OF CONTRACT, NEGLIGENCE OR OTHER TORTIOUS ACTION, ARISING OUT OF   |
 |  OR IN CONNECTION WITH THE USE OR PERFORMANCE OF THIS SOFTWARE.            |
 |                                                                            |
 \----------------------------------------------------------------------------/

 Yosys 0.33 (git sha1 2584903a060)


-- Executing script file `apb_aes.ys' --

1. Executing Liberty frontend: /usr/local/share/qflow/tech/osu035/osu035_stdcells.lib
Imported 39 cell types from liberty file.

2. Executing Verilog-2005 frontend: /home/pratyush/apb_aes/source/apb_aes.v
Parsing Verilog input from `/home/pratyush/apb_aes/source/apb_aes.v' to AST representation.
Generating RTLIL representation for module `\apb_aes'.
Successfully finished Verilog frontend.

3. Executing SYNTH pass.

3.1. Executing HIERARCHY pass (managing design hierarchy).

3.1.1. Analyzing design hierarchy..
Top module:  \apb_aes

3.1.2. Analyzing design hierarchy..
Top module:  \apb_aes
Removed 0 unused modules.

3.2. Executing PROC pass (convert processes to netlists).

3.2.1. Executing PROC_CLEAN pass (remove empty switches from decision trees).
Cleaned up 0 empty switches.

3.2.2. Executing PROC_RMDEAD pass (remove dead branches from decision trees).
Marked 3 switch rules as full_case in process $proc$/home/pratyush/apb_aes/source/apb_aes.v:81$8 in module apb_aes.
Marked 2 switch rules as full_case in process $proc$/home/pratyush/apb_aes/source/apb_aes.v:66$7 in module apb_aes.
Marked 1 switch rules as full_case in process $proc$/home/pratyush/apb_aes/source/apb_aes.v:42$5 in module apb_aes.
Removed a total of 0 dead cases.

3.2.3. Executing PROC_PRUNE pass (remove redundant assignments in processes).
Removed 1 redundant assignment.
Promoted 1 assignment to connection.

3.2.4. Executing PROC_INIT pass (extract init attributes).

3.2.5. Executing PROC_ARST pass (detect async resets in processes).
Found async reset \presetn in `\apb_aes.$proc$/home/pratyush/apb_aes/source/apb_aes.v:81$8'.
Found async reset \presetn in `\apb_aes.$proc$/home/pratyush/apb_aes/source/apb_aes.v:42$5'.

3.2.6. Executing PROC_ROM pass (convert switches to ROMs).
Converted 0 switches.
<suppressed ~7 debug messages>

3.2.7. Executing PROC_MUX pass (convert decision trees to multiplexers).
Creating decoders for process `\apb_aes.$proc$/home/pratyush/apb_aes/source/apb_aes.v:81$8'.
     1/4: $0\done[0:0]
     2/4: $0\busy[0:0]
     3/4: $0\round_cnt[3:0]
     4/4: $0\state_reg[127:0]
Creating decoders for process `\apb_aes.$proc$/home/pratyush/apb_aes/source/apb_aes.v:66$7'.
     1/2: $2\prdata[31:0]
     2/2: $1\prdata[31:0]
Creating decoders for process `\apb_aes.$proc$/home/pratyush/apb_aes/source/apb_aes.v:42$5'.
     1/9: $0\data_in_reg[127:0] [127:96]
     2/9: $0\data_in_reg[127:0] [95:64]
     3/9: $0\data_in_reg[127:0] [63:32]
     4/9: $0\data_in_reg[127:0] [31:0]
     5/9: $0\key_reg[127:0] [95:64]
     6/9: $0\key_reg[127:0] [63:32]
     7/9: $0\key_reg[127:0] [31:0]
     8/9: $0\key_reg[127:0] [127:96]
     9/9: $0\start_pulse[0:0]

3.2.8. Executing PROC_DLATCH pass (convert process syncs to latches).
No latch inferred for signal `\apb_aes.\prdata' from process `\apb_aes.$proc$/home/pratyush/apb_aes/source/apb_aes.v:66$7'.

3.2.9. Executing PROC_DFF pass (convert process syncs to FFs).
Creating register for signal `\apb_aes.\state_reg' using process `\apb_aes.$proc$/home/pratyush/apb_aes/source/apb_aes.v:81$8'.
  created $adff cell `$procdff$134' with positive edge clock and negative level reset.
Creating register for signal `\apb_aes.\round_cnt' using process `\apb_aes.$proc$/home/pratyush/apb_aes/source/apb_aes.v:81$8'.
  created $adff cell `$procdff$135' with positive edge clock and negative level reset.
Creating register for signal `\apb_aes.\busy' using process `\apb_aes.$proc$/home/pratyush/apb_aes/source/apb_aes.v:81$8'.
  created $adff cell `$procdff$136' with positive edge clock and negative level reset.
Creating register for signal `\apb_aes.\done' using process `\apb_aes.$proc$/home/pratyush/apb_aes/source/apb_aes.v:81$8'.
  created $adff cell `$procdff$137' with positive edge clock and negative level reset.
Creating register for signal `\apb_aes.\key_reg' using process `\apb_aes.$proc$/home/pratyush/apb_aes/source/apb_aes.v:42$5'.
  created $adff cell `$procdff$138' with positive edge clock and negative level reset.
Creating register for signal `\apb_aes.\data_in_reg' using process `\apb_aes.$proc$/home/pratyush/apb_aes/source/apb_aes.v:42$5'.
  created $adff cell `$procdff$139' with positive edge clock and negative level reset.
Creating register for signal `\apb_aes.\start_pulse' using process `\apb_aes.$proc$/home/pratyush/apb_aes/source/apb_aes.v:42$5'.
  created $adff cell `$procdff$140' with positive edge clock and negative level reset.

3.2.10. Executing PROC_MEMWR pass (convert process memory writes to cells).

3.2.11. Executing PROC_CLEAN pass (remove empty switches from decision trees).
Found and cleaned up 3 empty switches in `\apb_aes.$proc$/home/pratyush/apb_aes/source/apb_aes.v:81$8'.
Removing empty process `apb_aes.$proc$/home/pratyush/apb_aes/source/apb_aes.v:81$8'.
Found and cleaned up 2 empty switches in `\apb_aes.$proc$/home/pratyush/apb_aes/source/apb_aes.v:66$7'.
Removing empty process `apb_aes.$proc$/home/pratyush/apb_aes/source/apb_aes.v:66$7'.
Found and cleaned up 2 empty switches in `\apb_aes.$proc$/home/pratyush/apb_aes/source/apb_aes.v:42$5'.
Removing empty process `apb_aes.$proc$/home/pratyush/apb_aes/source/apb_aes.v:42$5'.
Cleaned up 7 empty switches.

3.2.12. Executing OPT_EXPR pass (perform const folding).
Optimizing module apb_aes.
<suppressed ~2 debug messages>

3.3. Executing OPT_EXPR pass (perform const folding).
Optimizing module apb_aes.

3.4. Executing OPT_CLEAN pass (remove unused cells and wires).
Finding unused cells or wires in module \apb_aes..
Removed 2 unused cells and 44 unused wires.
<suppressed ~3 debug messages>

3.5. Executing CHECK pass (checking for obvious problems).
Checking module apb_aes...
Found and reported 0 problems.

3.6. Executing OPT pass (performing simple optimizations).

3.6.1. Executing OPT_EXPR pass (perform const folding).
Optimizing module apb_aes.

3.6.2. Executing OPT_MERGE pass (detect identical cells).
Finding identical cells in module `\apb_aes'.
<suppressed ~6 debug messages>
Removed a total of 2 cells.

3.6.3. Executing OPT_MUXTREE pass (detect dead branches in mux trees).
Running muxtree optimizer on module \apb_aes..
  Creating internal representation of mux trees.
  Evaluating internal representation of mux trees.
      Replacing known input bits on port A of cell $procmux$28: \busy -> 1'0
      Replacing known input bits on port A of cell $procmux$26: \busy -> 1'1
  Analyzing evaluation results.
    dead port 2/2 on $mux $procmux$57.
Removed 1 multiplexer ports.
<suppressed ~14 debug messages>

3.6.4. Executing OPT_REDUCE pass (consolidate $*mux and $reduce_* inputs).
  Optimizing cells in module \apb_aes.
  Optimizing cells in module \apb_aes.
Performed a total of 1 changes.

3.6.5. Executing OPT_MERGE pass (detect identical cells).
Finding identical cells in module `\apb_aes'.
Removed a total of 0 cells.

3.6.6. Executing OPT_DFF pass (perform DFF optimizations).

3.6.7. Executing OPT_CLEAN pass (remove unused cells and wires).
Finding unused cells or wires in module \apb_aes..
Removed 0 unused cells and 4 unused wires.
<suppressed ~1 debug messages>

3.6.8. Executing OPT_EXPR pass (perform const folding).
Optimizing module apb_aes.

3.6.9. Rerunning OPT passes. (Maybe there is more to do..)

3.6.10. Executing OPT_MUXTREE pass (detect dead branches in mux trees).
Running muxtree optimizer on module \apb_aes..
  Creating internal representation of mux trees.
  Evaluating internal representation of mux trees.
  Analyzing evaluation results.
Removed 0 multiplexer ports.
<suppressed ~14 debug messages>

3.6.11. Executing OPT_REDUCE pass (consolidate $*mux and $reduce_* inputs).
  Optimizing cells in module \apb_aes.
Performed a total of 0 changes.

3.6.12. Executing OPT_MERGE pass (detect identical cells).
Finding identical cells in module `\apb_aes'.
Removed a total of 0 cells.

3.6.13. Executing OPT_DFF pass (perform DFF optimizations).

3.6.14. Executing OPT_CLEAN pass (remove unused cells and wires).
Finding unused cells or wires in module \apb_aes..

3.6.15. Executing OPT_EXPR pass (perform const folding).
Optimizing module apb_aes.

3.6.16. Finished OPT passes. (There is nothing left to do.)

3.7. Executing FSM pass (extract and optimize FSM).

3.7.1. Executing FSM_DETECT pass (finding FSMs in design).

3.7.2. Executing FSM_EXTRACT pass (extracting FSM from design).

3.7.3. Executing FSM_OPT pass (simple optimizations of FSMs).

3.7.4. Executing OPT_CLEAN pass (remove unused cells and wires).
Finding unused cells or wires in module \apb_aes..

3.7.5. Executing FSM_OPT pass (simple optimizations of FSMs).

3.7.6. Executing FSM_RECODE pass (re-assigning FSM state encoding).

3.7.7. Executing FSM_INFO pass (dumping all available information on FSM cells).

3.7.8. Executing FSM_MAP pass (mapping FSMs to basic logic).

3.8. Executing OPT pass (performing simple optimizations).

3.8.1. Executing OPT_EXPR pass (perform const folding).
Optimizing module apb_aes.

3.8.2. Executing OPT_MERGE pass (detect identical cells).
Finding identical cells in module `\apb_aes'.
Removed a total of 0 cells.

3.8.3. Executing OPT_MUXTREE pass (detect dead branches in mux trees).
Running muxtree optimizer on module \apb_aes..
  Creating internal representation of mux trees.
  Evaluating internal representation of mux trees.
  Analyzing evaluation results.
Removed 0 multiplexer ports.
<suppressed ~14 debug messages>

3.8.4. Executing OPT_REDUCE pass (consolidate $*mux and $reduce_* inputs).
  Optimizing cells in module \apb_aes.
Performed a total of 0 changes.

3.8.5. Executing OPT_MERGE pass (detect identical cells).
Finding identical cells in module `\apb_aes'.
Removed a total of 0 cells.

3.8.6. Executing OPT_DFF pass (perform DFF optimizations).
Adding EN signal on $procdff$139 ($adff) from module apb_aes (D = \pwdata, Q = \data_in_reg [127:96]).
Adding EN signal on $procdff$139 ($adff) from module apb_aes (D = \pwdata, Q = \data_in_reg [95:64]).
Adding EN signal on $procdff$139 ($adff) from module apb_aes (D = \pwdata, Q = \data_in_reg [63:32]).
Adding EN signal on $procdff$139 ($adff) from module apb_aes (D = \pwdata, Q = \data_in_reg [31:0]).
Adding EN signal on $procdff$138 ($adff) from module apb_aes (D = \pwdata, Q = \key_reg [95:64]).
Adding EN signal on $procdff$138 ($adff) from module apb_aes (D = \pwdata, Q = \key_reg [63:32]).
Adding EN signal on $procdff$138 ($adff) from module apb_aes (D = \pwdata, Q = \key_reg [31:0]).
Adding EN signal on $procdff$138 ($adff) from module apb_aes (D = \pwdata, Q = \key_reg [127:96]).
Adding EN signal on $procdff$137 ($adff) from module apb_aes (D = $0\done[0:0], Q = \done).
Adding EN signal on $procdff$135 ($adff) from module apb_aes (D = $0\round_cnt[3:0], Q = \round_cnt).
Adding EN signal on $procdff$134 ($adff) from module apb_aes (D = $0\state_reg[127:0], Q = \state_reg).

3.8.7. Executing OPT_CLEAN pass (remove unused cells and wires).
Finding unused cells or wires in module \apb_aes..
Removed 16 unused cells and 10 unused wires.
<suppressed ~17 debug messages>

3.8.8. Executing OPT_EXPR pass (perform const folding).
Optimizing module apb_aes.
<suppressed ~3 debug messages>

3.8.9. Rerunning OPT passes. (Maybe there is more to do..)

3.8.10. Executing OPT_MUXTREE pass (detect dead branches in mux trees).
Running muxtree optimizer on module \apb_aes..
  Creating internal representation of mux trees.
  Evaluating internal representation of mux trees.
  Analyzing evaluation results.
Removed 0 multiplexer ports.
<suppressed ~6 debug messages>

3.8.11. Executing OPT_REDUCE pass (consolidate $*mux and $reduce_* inputs).
  Optimizing cells in module \apb_aes.
Performed a total of 0 changes.

3.8.12. Executing OPT_MERGE pass (detect identical cells).
Finding identical cells in module `\apb_aes'.
<suppressed ~6 debug messages>
Removed a total of 2 cells.

3.8.13. Executing OPT_DFF pass (perform DFF optimizations).

3.8.14. Executing OPT_CLEAN pass (remove unused cells and wires).
Finding unused cells or wires in module \apb_aes..
Removed 0 unused cells and 2 unused wires.
<suppressed ~1 debug messages>

3.8.15. Executing OPT_EXPR pass (perform const folding).
Optimizing module apb_aes.

3.8.16. Rerunning OPT passes. (Maybe there is more to do..)

3.8.17. Executing OPT_MUXTREE pass (detect dead branches in mux trees).
Running muxtree optimizer on module \apb_aes..
  Creating internal representation of mux trees.
  Evaluating internal representation of mux trees.
  Analyzing evaluation results.
Removed 0 multiplexer ports.
<suppressed ~6 debug messages>

3.8.18. Executing OPT_REDUCE pass (consolidate $*mux and $reduce_* inputs).
  Optimizing cells in module \apb_aes.
Performed a total of 0 changes.

3.8.19. Executing OPT_MERGE pass (detect identical cells).
Finding identical cells in module `\apb_aes'.
Removed a total of 0 cells.

3.8.20. Executing OPT_DFF pass (perform DFF optimizations).

3.8.21. Executing OPT_CLEAN pass (remove unused cells and wires).
Finding unused cells or wires in module \apb_aes..

3.8.22. Executing OPT_EXPR pass (perform const folding).
Optimizing module apb_aes.

3.8.23. Finished OPT passes. (There is nothing left to do.)

3.9. Executing WREDUCE pass (reducing word size of cells).
Removed top 2 bits (of 8) from port B of cell apb_aes.$procmux$52_CMP0 ($eq).
Removed top 2 bits (of 8) from port B of cell apb_aes.$procmux$53_CMP0 ($eq).
Removed top 2 bits (of 8) from port B of cell apb_aes.$procmux$54_CMP0 ($eq).
Removed top 2 bits (of 8) from port B of cell apb_aes.$procmux$55_CMP0 ($eq).
Removed top 2 bits (of 3) from port B of cell apb_aes.$auto$opt_dff.cc:195:make_patterns_logic$169 ($ne).
Removed top 2 bits (of 8) from port B of cell apb_aes.$procmux$63_CMP0 ($eq).
Removed top 2 bits (of 8) from port B of cell apb_aes.$procmux$68_CMP0 ($eq).
Removed top 2 bits (of 8) from port B of cell apb_aes.$procmux$74_CMP0 ($eq).
Removed top 2 bits (of 8) from port B of cell apb_aes.$procmux$81_CMP0 ($eq).
Removed top 3 bits (of 8) from port B of cell apb_aes.$procmux$90_CMP0 ($eq).
Removed top 3 bits (of 8) from port B of cell apb_aes.$procmux$100_CMP0 ($eq).
Removed top 3 bits (of 8) from port B of cell apb_aes.$procmux$111_CMP0 ($eq).
Removed top 3 bits (of 8) from port B of cell apb_aes.$procmux$119_CMP0 ($eq).

3.10. Executing PEEPOPT pass (run peephole optimizers).

3.11. Executing OPT_CLEAN pass (remove unused cells and wires).
Finding unused cells or wires in module \apb_aes..

3.12. Executing ALUMACC pass (create $alu and $macc cells).
Extracting $alu and $macc cells in module apb_aes:
  creating $macc model for $add$/home/pratyush/apb_aes/source/apb_aes.v:100$16 ($add).
  creating $alu model for $macc $add$/home/pratyush/apb_aes/source/apb_aes.v:100$16.
  creating $alu cell for $add$/home/pratyush/apb_aes/source/apb_aes.v:100$16: $auto$alumacc.cc:485:replace_alu$182
  created 1 $alu and 0 $macc cells.

3.13. Executing SHARE pass (SAT-based resource sharing).

3.14. Executing OPT pass (performing simple optimizations).

3.14.1. Executing OPT_EXPR pass (perform const folding).
Optimizing module apb_aes.

3.14.2. Executing OPT_MERGE pass (detect identical cells).
Finding identical cells in module `\apb_aes'.
Removed a total of 0 cells.

3.14.3. Executing OPT_MUXTREE pass (detect dead branches in mux trees).
Running muxtree optimizer on module \apb_aes..
  Creating internal representation of mux trees.
  Evaluating internal representation of mux trees.
  Analyzing evaluation results.
Removed 0 multiplexer ports.
<suppressed ~6 debug messages>

3.14.4. Executing OPT_REDUCE pass (consolidate $*mux and $reduce_* inputs).
  Optimizing cells in module \apb_aes.
Performed a total of 0 changes.

3.14.5. Executing OPT_MERGE pass (detect identical cells).
Finding identical cells in module `\apb_aes'.
Removed a total of 0 cells.

3.14.6. Executing OPT_DFF pass (perform DFF optimizations).

3.14.7. Executing OPT_CLEAN pass (remove unused cells and wires).
Finding unused cells or wires in module \apb_aes..

3.14.8. Executing OPT_EXPR pass (perform const folding).
Optimizing module apb_aes.

3.14.9. Finished OPT passes. (There is nothing left to do.)

3.15. Executing MEMORY pass.

3.15.1. Executing OPT_MEM pass (optimize memories).
Performed a total of 0 transformations.

3.15.2. Executing OPT_MEM_PRIORITY pass (removing unnecessary memory write priority relations).
Performed a total of 0 transformations.

3.15.3. Executing OPT_MEM_FEEDBACK pass (finding memory read-to-write feedback paths).

3.15.4. Executing MEMORY_BMUX2ROM pass (converting muxes to ROMs).

3.15.5. Executing MEMORY_DFF pass (merging $dff cells to $memrd).

3.15.6. Executing OPT_CLEAN pass (remove unused cells and wires).
Finding unused cells or wires in module \apb_aes..

3.15.7. Executing MEMORY_SHARE pass (consolidating $memrd/$memwr cells).

3.15.8. Executing OPT_MEM_WIDEN pass (optimize memories where all ports are wide).
Performed a total of 0 transformations.

3.15.9. Executing OPT_CLEAN pass (remove unused cells and wires).
Finding unused cells or wires in module \apb_aes..

3.15.10. Executing MEMORY_COLLECT pass (generating $mem cells).

3.16. Executing OPT_CLEAN pass (remove unused cells and wires).
Finding unused cells or wires in module \apb_aes..

3.17. Executing OPT pass (performing simple optimizations).

3.17.1. Executing OPT_EXPR pass (perform const folding).
Optimizing module apb_aes.
<suppressed ~10 debug messages>

3.17.2. Executing OPT_MERGE pass (detect identical cells).
Finding identical cells in module `\apb_aes'.
Removed a total of 0 cells.

3.17.3. Executing OPT_DFF pass (perform DFF optimizations).

3.17.4. Executing OPT_CLEAN pass (remove unused cells and wires).
Finding unused cells or wires in module \apb_aes..
Removed 0 unused cells and 5 unused wires.
<suppressed ~1 debug messages>

3.17.5. Finished fast OPT passes.

3.18. Executing MEMORY_MAP pass (converting memories to logic and flip-flops).

3.19. Executing OPT pass (performing simple optimizations).

3.19.1. Executing OPT_EXPR pass (perform const folding).
Optimizing module apb_aes.
<suppressed ~1 debug messages>

3.19.2. Executing OPT_MERGE pass (detect identical cells).
Finding identical cells in module `\apb_aes'.
Removed a total of 0 cells.

3.19.3. Executing OPT_MUXTREE pass (detect dead branches in mux trees).
Running muxtree optimizer on module \apb_aes..
  Creating internal representation of mux trees.
  Evaluating internal representation of mux trees.
  Analyzing evaluation results.
Removed 0 multiplexer ports.
<suppressed ~3 debug messages>

3.19.4. Executing OPT_REDUCE pass (consolidate $*mux and $reduce_* inputs).
  Optimizing cells in module \apb_aes.
Performed a total of 0 changes.

3.19.5. Executing OPT_MERGE pass (detect identical cells).
Finding identical cells in module `\apb_aes'.
Removed a total of 0 cells.

3.19.6. Executing OPT_SHARE pass.
    Found cells that share an operand and can be merged by moving the $mux $procmux$47 in front of them:
        $xor$/home/pratyush/apb_aes/source/apb_aes.v:89$12
        $xor$/home/pratyush/apb_aes/source/apb_aes.v:95$14

3.19.7. Executing OPT_DFF pass (perform DFF optimizations).

3.19.8. Executing OPT_CLEAN pass (remove unused cells and wires).
Finding unused cells or wires in module \apb_aes..
Removed 0 unused cells and 2 unused wires.
<suppressed ~1 debug messages>

3.19.9. Executing OPT_EXPR pass (perform const folding).
Optimizing module apb_aes.
<suppressed ~1 debug messages>

3.19.10. Rerunning OPT passes. (Maybe there is more to do..)

3.19.11. Executing OPT_MUXTREE pass (detect dead branches in mux trees).
Running muxtree optimizer on module \apb_aes..
  Creating internal representation of mux trees.
  Evaluating internal representation of mux trees.
  Analyzing evaluation results.
Removed 0 multiplexer ports.
<suppressed ~3 debug messages>

3.19.12. Executing OPT_REDUCE pass (consolidate $*mux and $reduce_* inputs).
  Optimizing cells in module \apb_aes.
Performed a total of 0 changes.

3.19.13. Executing OPT_MERGE pass (detect identical cells).
Finding identical cells in module `\apb_aes'.
Removed a total of 0 cells.

3.19.14. Executing OPT_SHARE pass.

3.19.15. Executing OPT_DFF pass (perform DFF optimizations).

3.19.16. Executing OPT_CLEAN pass (remove unused cells and wires).
Finding unused cells or wires in module \apb_aes..
Removed 0 unused cells and 1 unused wires.
<suppressed ~1 debug messages>

3.19.17. Executing OPT_EXPR pass (perform const folding).
Optimizing module apb_aes.

3.19.18. Rerunning OPT passes. (Maybe there is more to do..)

3.19.19. Executing OPT_MUXTREE pass (detect dead branches in mux trees).
Running muxtree optimizer on module \apb_aes..
  Creating internal representation of mux trees.
  Evaluating internal representation of mux trees.
  Analyzing evaluation results.
Removed 0 multiplexer ports.
<suppressed ~3 debug messages>

3.19.20. Executing OPT_REDUCE pass (consolidate $*mux and $reduce_* inputs).
  Optimizing cells in module \apb_aes.
Performed a total of 0 changes.

3.19.21. Executing OPT_MERGE pass (detect identical cells).
Finding identical cells in module `\apb_aes'.
Removed a total of 0 cells.

3.19.22. Executing OPT_SHARE pass.

3.19.23. Executing OPT_DFF pass (perform DFF optimizations).

3.19.24. Executing OPT_CLEAN pass (remove unused cells and wires).
Finding unused cells or wires in module \apb_aes..

3.19.25. Executing OPT_EXPR pass (perform const folding).
Optimizing module apb_aes.

3.19.26. Finished OPT passes. (There is nothing left to do.)

3.20. Executing TECHMAP pass (map to technology primitives).

3.20.1. Executing Verilog-2005 frontend: /usr/bin/../share/yosys/techmap.v
Parsing Verilog input from `/usr/bin/../share/yosys/techmap.v' to AST representation.
Generating RTLIL representation for module `\_90_simplemap_bool_ops'.
Generating RTLIL representation for module `\_90_simplemap_reduce_ops'.
Generating RTLIL representation for module `\_90_simplemap_logic_ops'.
Generating RTLIL representation for module `\_90_simplemap_compare_ops'.
Generating RTLIL representation for module `\_90_simplemap_various'.
Generating RTLIL representation for module `\_90_simplemap_registers'.
Generating RTLIL representation for module `\_90_shift_ops_shr_shl_sshl_sshr'.
Generating RTLIL representation for module `\_90_shift_shiftx'.
Generating RTLIL representation for module `\_90_fa'.
Generating RTLIL representation for module `\_90_lcu'.
Generating RTLIL representation for module `\_90_alu'.
Generating RTLIL representation for module `\_90_macc'.
Generating RTLIL representation for module `\_90_alumacc'.
Generating RTLIL representation for module `\$__div_mod_u'.
Generating RTLIL representation for module `\$__div_mod_trunc'.
Generating RTLIL representation for module `\_90_div'.
Generating RTLIL representation for module `\_90_mod'.
Generating RTLIL representation for module `\$__div_mod_floor'.
Generating RTLIL representation for module `\_90_divfloor'.
Generating RTLIL representation for module `\_90_modfloor'.
Generating RTLIL representation for module `\_90_pow'.
Generating RTLIL representation for module `\_90_pmux'.
Generating RTLIL representation for module `\_90_demux'.
Generating RTLIL representation for module `\_90_lut'.
Successfully finished Verilog frontend.

3.20.2. Continuing TECHMAP pass.
Using extmapper simplemap for cells of type $logic_and.
Using extmapper simplemap for cells of type $logic_not.
Using extmapper simplemap for cells of type $xor.
Using extmapper simplemap for cells of type $eq.
Using extmapper simplemap for cells of type $reduce_and.
Using extmapper simplemap for cells of type $adffe.
Using extmapper simplemap for cells of type $mux.
Using extmapper simplemap for cells of type $not.
Using extmapper simplemap for cells of type $and.
Using extmapper simplemap for cells of type $or.
Using extmapper simplemap for cells of type $ne.
Using template $paramod$59b03ae2620a41577de8da5f5c97b2919e82362b\_90_pmux for cells of type $pmux.
Using template $paramod$32a7b7b86c07519b7537abc18e96f0331f97914d\_90_alu for cells of type $alu.
Using extmapper simplemap for cells of type $reduce_bool.
Using extmapper simplemap for cells of type $adff.
Using extmapper simplemap for cells of type $reduce_or.
Using template $paramod\_90_lcu\WIDTH=32'00000000000000000000000000000100 for cells of type $lcu.
Using extmapper simplemap for cells of type $pos.
No more expansions possible.
<suppressed ~330 debug messages>

3.21. Executing OPT pass (performing simple optimizations).

3.21.1. Executing OPT_EXPR pass (perform const folding).
Optimizing module apb_aes.
<suppressed ~189 debug messages>

3.21.2. Executing OPT_MERGE pass (detect identical cells).
Finding identical cells in module `\apb_aes'.
<suppressed ~270 debug messages>
Removed a total of 90 cells.

3.21.3. Executing OPT_DFF pass (perform DFF optimizations).

3.21.4. Executing OPT_CLEAN pass (remove unused cells and wires).
Finding unused cells or wires in module \apb_aes..
Removed 3 unused cells and 256 unused wires.
<suppressed ~4 debug messages>

3.21.5. Finished fast OPT passes.

3.22. Executing ABC pass (technology mapping using ABC).

3.22.1. Extracting gate netlist of module `\apb_aes' to `<abc-temp-dir>/input.blif'..
Extracted 641 gates and 1046 wires to a netlist network with 403 inputs and 178 outputs.

3.22.1.1. Executing ABC.
Running ABC command: "<yosys-exe-dir>/yosys-abc" -s -f <abc-temp-dir>/abc.script 2>&1
ABC: ABC command line: "source <abc-temp-dir>/abc.script".
ABC: 
ABC: + read_blif <abc-temp-dir>/input.blif 
ABC: + read_library <abc-temp-dir>/stdcells.genlib 
ABC: Entered genlib library with 13 gates from file "<abc-temp-dir>/stdcells.genlib".
ABC: + strash 
ABC: + dretime 
ABC: + map 
ABC: + write_blif <abc-temp-dir>/output.blif 

3.22.1.2. Re-integrating ABC results.
ABC RESULTS:               NOT cells:        3
ABC RESULTS:              XNOR cells:        1
ABC RESULTS:              NAND cells:        6
ABC RESULTS:               AND cells:        2
ABC RESULTS:                OR cells:       93
ABC RESULTS:             ORNOT cells:       38
ABC RESULTS:            ANDNOT cells:      212
ABC RESULTS:               XOR cells:      130
ABC RESULTS:               MUX cells:      131
ABC RESULTS:        internal signals:      465
ABC RESULTS:           input signals:      403
ABC RESULTS:          output signals:      178
Removing temp directory.

3.23. Executing OPT pass (performing simple optimizations).

3.23.1. Executing OPT_EXPR pass (perform const folding).
Optimizing module apb_aes.
<suppressed ~3 debug messages>

3.23.2. Executing OPT_MERGE pass (detect identical cells).
Finding identical cells in module `\apb_aes'.
<suppressed ~3 debug messages>
Removed a total of 1 cells.

3.23.3. Executing OPT_DFF pass (perform DFF optimizations).

3.23.4. Executing OPT_CLEAN pass (remove unused cells and wires).
Finding unused cells or wires in module \apb_aes..
Removed 1 unused cells and 683 unused wires.
<suppressed ~4 debug messages>

3.23.5. Finished fast OPT passes.

3.24. Executing HIERARCHY pass (managing design hierarchy).

3.24.1. Analyzing design hierarchy..
Top module:  \apb_aes

3.24.2. Analyzing design hierarchy..
Top module:  \apb_aes
Removed 0 unused modules.

3.25. Printing statistics.

=== apb_aes ===

   Number of wires:                469
   Number of wire bits:           1052
   Number of public wires:          17
   Number of public wire bits:     470
   Number of memories:               0
   Number of memory bits:            0
   Number of processes:              0
   Number of cells:               1005
     $_ANDNOT_                     212
     $_AND_                          2
     $_DFFE_PN0P_                  389
     $_DFF_PN0_                      2
     $_MUX_                        130
     $_NAND_                         6
     $_NOT_                          2
     $_ORNOT_                       38
     $_OR_                          93
     $_XNOR_                         1
     $_XOR_                        130

3.26. Executing CHECK pass (checking for obvious problems).
Checking module apb_aes...
Found and reported 0 problems.

4. Executing DFFLIBMAP pass (mapping DFF cells to sequential cells from liberty file).
  cell DFFNEGX1 (noninv, pins=3, area=384.00) is a direct match for cell type $_DFF_N_.
  cell DFFPOSX1 (noninv, pins=3, area=384.00) is a direct match for cell type $_DFF_P_.
  cell DFFSR (noninv, pins=5, area=704.00) is a direct match for cell type $_DFFSR_PNN_.
  final dff cell mappings:
    \DFFNEGX1 _DFF_N_ (.CLK( C), .D( D), .Q( Q));
    \DFFPOSX1 _DFF_P_ (.CLK( C), .D( D), .Q( Q));
    unmapped dff cell: $_DFF_NN0_
    unmapped dff cell: $_DFF_NN1_
    unmapped dff cell: $_DFF_NP0_
    unmapped dff cell: $_DFF_NP1_
    unmapped dff cell: $_DFF_PN0_
    unmapped dff cell: $_DFF_PN1_
    unmapped dff cell: $_DFF_PP0_
    unmapped dff cell: $_DFF_PP1_
    unmapped dff cell: $_DFFSR_NNN_
    unmapped dff cell: $_DFFSR_NNP_
    unmapped dff cell: $_DFFSR_NPN_
    unmapped dff cell: $_DFFSR_NPP_
    \DFFSR _DFFSR_PNN_ (.CLK( C), .D( D), .Q( Q), .R( R), .S( S));
    unmapped dff cell: $_DFFSR_PNP_
    unmapped dff cell: $_DFFSR_PPN_
    unmapped dff cell: $_DFFSR_PPP_

4.1. Executing DFFLEGALIZE pass (convert FFs to types supported by the target).
Mapping DFF cells in module `\apb_aes':
  mapped 391 $_DFFSR_PNN_ cells to \DFFSR cells.

5. Executing OPT pass (performing simple optimizations).

5.1. Executing OPT_EXPR pass (perform const folding).
Optimizing module apb_aes.

5.2. Executing OPT_MERGE pass (detect identical cells).
Finding identical cells in module `\apb_aes'.
Removed a total of 0 cells.

5.3. Executing OPT_MUXTREE pass (detect dead branches in mux trees).
Running muxtree optimizer on module \apb_aes..
  Creating internal representation of mux trees.
  No muxes found in this module.
Removed 0 multiplexer ports.

5.4. Executing OPT_REDUCE pass (consolidate $*mux and $reduce_* inputs).
  Optimizing cells in module \apb_aes.
Performed a total of 0 changes.

5.5. Executing OPT_MERGE pass (detect identical cells).
Finding identical cells in module `\apb_aes'.
Removed a total of 0 cells.

5.6. Executing OPT_DFF pass (perform DFF optimizations).

5.7. Executing OPT_CLEAN pass (remove unused cells and wires).
Finding unused cells or wires in module \apb_aes..

5.8. Executing OPT_EXPR pass (perform const folding).
Optimizing module apb_aes.

5.9. Finished OPT passes. (There is nothing left to do.)

6. Executing ABC pass (technology mapping using ABC).

6.1. Extracting gate netlist of module `\apb_aes' to `<abc-temp-dir>/input.blif'..
Extracted 1003 gates and 1437 wires to a netlist network with 434 inputs and 423 outputs.

6.1.1. Executing ABC.
Running ABC command: "/usr/local/share/qflow/bin/yosys-abc" -s -f <abc-temp-dir>/abc.script 2>&1
ABC: ABC command line: "source <abc-temp-dir>/abc.script".
ABC: 
ABC: + read_blif <abc-temp-dir>/input.blif 
ABC: + read_lib -w /usr/local/share/qflow/tech/osu035/osu035_stdcells.lib 
ABC: Parsing finished successfully.  Parsing time =     0.00 sec
ABC: Scl_LibertyReadGenlib() skipped sequential cell "DFFNEGX1".
ABC: Scl_LibertyReadGenlib() skipped sequential cell "DFFPOSX1".
ABC: Scl_LibertyReadGenlib() skipped sequential cell "DFFSR".
ABC: Scl_LibertyReadGenlib() skipped sequential cell "LATCH".
ABC: Scl_LibertyReadGenlib() skipped three-state cell "PADINOUT".
ABC: Scl_LibertyReadGenlib() skipped three-state cell "TBUFX1".
ABC: Scl_LibertyReadGenlib() skipped three-state cell "TBUFX2".
ABC: Scl_LibertyReadGenlib() skipped cell "PADFC" without logic function.
ABC: Scl_LibertyReadGenlib() skipped cell "PADNC" without logic function.
ABC: Scl_LibertyReadGenlib() skipped cell "PADVDD" without logic function.
ABC: Scl_LibertyReadGenlib() skipped cell "PADGND" without logic function.
ABC: Library "osu035_stdcells" from "/usr/local/share/qflow/tech/osu035/osu035_stdcells.lib" has 28 cells (11 skipped: 4 seq; 3 tri-state; 4 no func; 0 dont_use).  Time =     0.00 sec
ABC: Memory =    0.51 MB. Time =     0.00 sec
ABC: Warning: Detected 2 multi-output gates (for example, "FAX1").
ABC: + strash 
ABC: + scorr 
ABC: Warning: The network is combinational (run "fraig" or "fraig_sweep").
ABC: + ifraig 
ABC: + retime 
ABC: + strash 
ABC: + dch -f 
ABC: + map -M 1 
ABC: + write_blif <abc-temp-dir>/output.blif 

6.1.2. Re-integrating ABC results.
ABC RESULTS:            NOR3X1 cells:        2
ABC RESULTS:           AOI22X1 cells:       60
ABC RESULTS:           NAND3X1 cells:       14
ABC RESULTS:           OAI22X1 cells:        1
ABC RESULTS:           AOI21X1 cells:       31
ABC RESULTS:             OR2X2 cells:        3
ABC RESULTS:            MUX2X1 cells:        1
ABC RESULTS:            NOR2X1 cells:      147
ABC RESULTS:             INVX1 cells:      433
ABC RESULTS:            AND2X2 cells:      135
ABC RESULTS:           NAND2X1 cells:      277
ABC RESULTS:           OAI21X1 cells:      778
ABC RESULTS:        internal signals:      580
ABC RESULTS:           input signals:      434
ABC RESULTS:          output signals:      423
Removing temp directory.

7. Executing FLATTEN pass (flatten design).

8. Executing SETUNDEF pass (replace undef values with defined constants).
Removed 0 unused cells and 1307 unused wires.

9. Executing IOPADMAP pass (mapping inputs/outputs to IO-PAD cells).
Don't map input port apb_aes.paddr: Missing option -inpad.
Don't map input port apb_aes.pclk: Missing option -inpad.
Don't map input port apb_aes.penable: Missing option -inpad.
Mapping port apb_aes.prdata using BUFX2.
Mapping port apb_aes.pready using BUFX2.
Don't map input port apb_aes.presetn: Missing option -inpad.
Don't map input port apb_aes.psel: Missing option -inpad.
Mapping port apb_aes.pslverr using BUFX2.
Don't map input port apb_aes.pwdata: Missing option -inpad.
Don't map input port apb_aes.pwrite: Missing option -inpad.

10. Executing OPT pass (performing simple optimizations).

10.1. Executing OPT_EXPR pass (perform const folding).
Optimizing module apb_aes.

10.2. Executing OPT_MERGE pass (detect identical cells).
Finding identical cells in module `\apb_aes'.
Removed a total of 0 cells.

10.3. Executing OPT_MUXTREE pass (detect dead branches in mux trees).
Running muxtree optimizer on module \apb_aes..
  Creating internal representation of mux trees.
  No muxes found in this module.
Removed 0 multiplexer ports.

10.4. Executing OPT_REDUCE pass (consolidate $*mux and $reduce_* inputs).
  Optimizing cells in module \apb_aes.
Performed a total of 0 changes.

10.5. Executing OPT_MERGE pass (detect identical cells).
Finding identical cells in module `\apb_aes'.
Removed a total of 0 cells.

10.6. Executing OPT_DFF pass (perform DFF optimizations).

10.7. Executing OPT_CLEAN pass (remove unused cells and wires).
Finding unused cells or wires in module \apb_aes..
Removed 0 unused cells and 2 unused wires.
<suppressed ~1 debug messages>

10.8. Executing OPT_EXPR pass (perform const folding).
Optimizing module apb_aes.

10.9. Rerunning OPT passes. (Maybe there is more to do..)

10.10. Executing OPT_MUXTREE pass (detect dead branches in mux trees).
Running muxtree optimizer on module \apb_aes..
  Creating internal representation of mux trees.
  No muxes found in this module.
Removed 0 multiplexer ports.

10.11. Executing OPT_REDUCE pass (consolidate $*mux and $reduce_* inputs).
  Optimizing cells in module \apb_aes.
Performed a total of 0 changes.

10.12. Executing OPT_MERGE pass (detect identical cells).
Finding identical cells in module `\apb_aes'.
Removed a total of 0 cells.

10.13. Executing OPT_DFF pass (perform DFF optimizations).

10.14. Executing OPT_CLEAN pass (remove unused cells and wires).
Finding unused cells or wires in module \apb_aes..

10.15. Executing OPT_EXPR pass (perform const folding).
Optimizing module apb_aes.

10.16. Finished OPT passes. (There is nothing left to do.)

11. Executing Verilog backend.

11.1. Executing BMUXMAP pass.

11.2. Executing DEMUXMAP pass.
Dumping module `\apb_aes'.

12. Printing statistics.

=== apb_aes ===

   Number of wires:               1868
   Number of wire bits:           2352
   Number of public wires:        1868
   Number of public wire bits:    2352
   Number of memories:               0
   Number of memory bits:            0
   Number of processes:              0
   Number of cells:               2307
     AND2X2                        135
     AOI21X1                        31
     AOI22X1                        60
     BUFX2                          34
     DFFSR                         391
     INVX1                         433
     MUX2X1                          1
     NAND2X1                       277
     NAND3X1                        14
     NOR2X1                        147
     NOR3X1                          2
     OAI21X1                       778
     OAI22X1                         1
     OR2X2                           3

End of script. Logfile hash: 3be59bc5ab, CPU: user 0.73s system 0.30s, MEM: 19.48 MB peak
Yosys 0.33 (git sha1 2584903a060)
Time spent: 43% 2x abc (0 sec), 12% 25x opt_expr (0 sec), ...
Running getpowerground to determine power and ground net names.
getpowerground.tcl  /usr/local/share/qflow/tech/osu035/osu035_stdcells.lef
Running vlogFanout
vlogFanout -l 200 -c 30 -I apb_aes_nofanout -s nullstring -p /usr/local/share/qflow/tech/osu035/osu035_stdcells.lib -b BUFX2,CLKBUF1 -i A,A -o Y,Y apb_aes_mapped.v apb_aes_sized.v

vlogFanout for qflow 1.4.104
Parsing library "osu035_stdcells"
End of library at line 6636
Lib Read:  Processed 6637 lines.
Top internal fanout is 256 (load 5790.34) from node _536_,
driven by NAND2X1 with strength 102.232 (fF driven at latency 200)
Top fanout load-to-strength ratio is 56.6391 (latency = 11327.8 ps)
Top input node fanout is 391 (load 13990.5) from node pclk.
0 gates exceed specified minimum load.
244 buffers were added.
Warning 1: load of 3561.19 is 4.2659 times greater than strongest gate INVX8
This warning will only be repeated for larger overload ratios.  Warning count reflects
the total number of overloaded nets.
Warning 6: load of 825.856 is 7.59859 times greater than strongest gate NOR2X1
Warning 9: load of 835.213 is 7.68468 times greater than strongest gate NOR2X1
Warning 11: load of 1472.67 is 14.4051 times greater than strongest gate NAND2X1
Warning 14: load of 5800.34 is 56.7369 times greater than strongest gate NAND2X1
37 gates were changed.

Gate counts by drive strength:

	"" gates	In: 391    	Out: 391    	+0
	"1" gates	In: 1797    	Out: 1760    	-37
	"2" gates	In: 363    	Out: 364    	+1

411 gates exceed specified minimum load.
14 buffers were added.
0 gates were changed.

Gate counts by drive strength:

	"" gates	In: 391    	Out: 391    	+0
	"1" gates	In: 1804    	Out: 1767    	-37
	"2" gates	In: 370    	Out: 371    	+1

Number of gates changed: 14
Running vlog2Verilog for antenna cell mapping.
vlog2Verilog -c -p -v vdd -g gnd  -l /usr/local/share/qflow/tech/osu035/osu035_stdcells.lef 
   -o apb_aes.v apb_aes_sized.v

Generating RTL verilog and SPICE netlist file in directory
	 /home/pratyush/apb_aes/synthesis
Files:
   Verilog: /home/pratyush/apb_aes/synthesis/apb_aes.rtl.v
   Verilog: /home/pratyush/apb_aes/synthesis/apb_aes.rtlnopwr.v
   Verilog: /home/pratyush/apb_aes/synthesis/apb_aes.rtlbb.v
   Spice:   /home/pratyush/apb_aes/synthesis/apb_aes.spc

Running vlog2Verilog.
vlog2Verilog -c -v vdd -g gnd  -l /usr/local/share/qflow/tech/osu035/osu035_stdcells.lef 
	-o apb_aes.rtl.v
   apb_aes.v
vlog2Verilog -c -p -v vdd -g gnd  -l /usr/local/share/qflow/tech/osu035/osu035_stdcells.lef 
	-o apb_aes.rtlnopwr.v
   apb_aes.v
/usr/local/share/qflow/bin/vlog2Verilog -c -p -b -n -v vdd -g gnd  -l /usr/local/share/qflow/tech/osu035/osu035_stdcells.lef
   -o apb_aes.rtlbb.v
Running vlog2Spice.
vlog2Spice -i -l  /usr/local/share/qflow/tech/osu035/osu035_stdcells.sp -o apb_aes.spc apb_aes.rtl.v
Running spi2xspice.py
spi2xspice.py "/usr/local/share/qflow/tech/osu035/osu035_stdcells.lib" apb_aes.spc apb_aes.xspice

Synthesis script ended on Sun Sep 27 05:03:09 PM UTC 2026
