Qflow static timing analysis logfile created on Sun Sep 27 05:34:57 PM UTC 2026
Running vesta static timing analysis
vesta --summary reports --long apb_aes.rtlnopwr.v /usr/local/share/qflow/tech/osu035/osu035_stdcells.lib
----------------------------------------------
Vesta static timing analysis tool
for qflow 1.4.104
(c) 2013-2018 Tim Edwards, Open Circuit Design
----------------------------------------------

Parsing library "osu035_stdcells"
End of library at line 6636
Lib read /usr/local/share/qflow/tech/osu035/osu035_stdcells.lib:  Processed 6637 lines.
Parsing module "apb_aes"
Verilog netlist read:  Processed 20560 lines.
Number of paths analyzed:  422

Top 20 maximum delay paths:
Path _3957_/CLK to _3839_/D delay 2373.41 ps
      0.0 ps  pclk_bF$buf41: CLKBUF1_insert154/Y ->          _3957_/CLK
      0.0 ps           busy:            _3957_/Q ->  BUFX2_insert30/A
    379.7 ps   busy_bF$buf9:    BUFX2_insert30/Y ->          _2235_/A
    643.4 ps          _535_:            _2235_/Y ->          _2239_/B
   1030.2 ps          _539_:            _2239_/Y -> BUFX2_insert200/A
   1539.0 ps  _539__bF$buf6:   BUFX2_insert200/Y ->          _2331_/B
   1791.1 ps          _621_:            _2331_/Y ->          _2333_/B
   1915.0 ps          _623_:            _2333_/Y ->          _2334_/A
   2032.3 ps          _624_:            _2334_/Y ->          _2335_/C
   2123.9 ps          _108_:            _2335_/Y ->          _3839_/D

   clock skew at destination = 49.9527
   setup at destination = 199.531

Path _3957_/CLK to _3901_/D delay 2373.41 ps
      0.0 ps  pclk_bF$buf41: CLKBUF1_insert154/Y ->          _3957_/CLK
      0.0 ps           busy:            _3957_/Q ->  BUFX2_insert30/A
    379.7 ps   busy_bF$buf9:    BUFX2_insert30/Y ->          _2235_/A
    643.4 ps          _535_:            _2235_/Y ->          _2239_/B
   1030.2 ps          _539_:            _2239_/Y -> BUFX2_insert201/A
   1539.0 ps  _539__bF$buf5:   BUFX2_insert201/Y ->          _2889_/B
   1791.1 ps         _1117_:            _2889_/Y ->          _2891_/B
   1915.0 ps         _1119_:            _2891_/Y ->          _2892_/A
   2032.3 ps         _1120_:            _2892_/Y ->          _2893_/C
   2123.9 ps          _170_:            _2893_/Y ->          _3901_/D

   clock skew at destination = 49.9527
   setup at destination = 199.531

Path _3957_/CLK to _3838_/D delay 2369.88 ps
      0.0 ps  pclk_bF$buf41: CLKBUF1_insert154/Y ->          _3957_/CLK
      0.0 ps           busy:            _3957_/Q ->  BUFX2_insert30/A
    379.7 ps   busy_bF$buf9:    BUFX2_insert30/Y ->          _2235_/A
    643.4 ps          _535_:            _2235_/Y ->          _2239_/B
   1030.2 ps          _539_:            _2239_/Y -> BUFX2_insert204/A
   1539.0 ps  _539__bF$buf2:   BUFX2_insert204/Y ->          _2322_/B
   1791.1 ps          _613_:            _2322_/Y ->          _2323_/A
   1933.5 ps          _614_:            _2323_/Y ->          _2325_/B
   2033.0 ps          _616_:            _2325_/Y ->          _2326_/C
   2120.9 ps          _107_:            _2326_/Y ->          _3838_/D

   clock skew at destination = 49.9527
   setup at destination = 199.027

Path _3957_/CLK to _3830_/D delay 2369.88 ps
      0.0 ps  pclk_bF$buf41: CLKBUF1_insert154/Y ->          _3957_/CLK
      0.0 ps           busy:            _3957_/Q ->  BUFX2_insert30/A
    379.7 ps   busy_bF$buf9:    BUFX2_insert30/Y ->          _2235_/A
    643.4 ps          _535_:            _2235_/Y ->          _2239_/B
   1030.2 ps          _539_:            _2239_/Y -> BUFX2_insert202/A
   1539.0 ps  _539__bF$buf4:   BUFX2_insert202/Y ->          _2250_/B
   1791.1 ps          _549_:            _2250_/Y ->          _2251_/A
   1933.5 ps          _550_:            _2251_/Y ->          _2253_/B
   2033.0 ps          _552_:            _2253_/Y ->          _2254_/C
   2120.9 ps           _99_:            _2254_/Y ->          _3830_/D

   clock skew at destination = 49.9527
   setup at destination = 199.027

Path _3957_/CLK to _3852_/D delay 2369.88 ps
      0.0 ps  pclk_bF$buf41: CLKBUF1_insert154/Y ->          _3957_/CLK
      0.0 ps           busy:            _3957_/Q ->  BUFX2_insert30/A
    379.7 ps   busy_bF$buf9:    BUFX2_insert30/Y ->          _2235_/A
    643.4 ps          _535_:            _2235_/Y ->          _2239_/B
   1030.2 ps          _539_:            _2239_/Y -> BUFX2_insert199/A
   1539.0 ps  _539__bF$buf7:   BUFX2_insert199/Y ->          _2448_/B
   1791.1 ps          _725_:            _2448_/Y ->          _2449_/A
   1933.5 ps          _726_:            _2449_/Y ->          _2451_/B
   2033.0 ps          _728_:            _2451_/Y ->          _2452_/C
   2120.9 ps          _121_:            _2452_/Y ->          _3852_/D

   clock skew at destination = 49.9527
   setup at destination = 199.027

Path _3957_/CLK to _3914_/D delay 2369.88 ps
      0.0 ps  pclk_bF$buf41: CLKBUF1_insert154/Y ->          _3957_/CLK
      0.0 ps           busy:            _3957_/Q ->  BUFX2_insert30/A
    379.7 ps   busy_bF$buf9:    BUFX2_insert30/Y ->          _2235_/A
    643.4 ps          _535_:            _2235_/Y ->          _2239_/B
   1030.2 ps          _539_:            _2239_/Y -> BUFX2_insert200/A
   1539.0 ps  _539__bF$buf6:   BUFX2_insert200/Y ->          _3006_/B
   1791.1 ps         _1221_:            _3006_/Y ->          _3007_/A
   1933.5 ps         _1222_:            _3007_/Y ->          _3009_/B
   2033.0 ps         _1224_:            _3009_/Y ->          _3010_/C
   2120.9 ps          _183_:            _3010_/Y ->          _3914_/D

   clock skew at destination = 49.9527
   setup at destination = 199.027

Path _3957_/CLK to _3870_/D delay 2369.88 ps
      0.0 ps  pclk_bF$buf41: CLKBUF1_insert154/Y ->          _3957_/CLK
      0.0 ps           busy:            _3957_/Q ->  BUFX2_insert30/A
    379.7 ps   busy_bF$buf9:    BUFX2_insert30/Y ->          _2235_/A
    643.4 ps          _535_:            _2235_/Y ->          _2239_/B
   1030.2 ps          _539_:            _2239_/Y -> BUFX2_insert200/A
   1539.0 ps  _539__bF$buf6:   BUFX2_insert200/Y ->          _2610_/B
   1791.1 ps          _869_:            _2610_/Y ->          _2611_/A
   1933.5 ps          _870_:            _2611_/Y ->          _2613_/B
   2033.0 ps          _872_:            _2613_/Y ->          _2614_/C
   2120.9 ps          _139_:            _2614_/Y ->          _3870_/D

   clock skew at destination = 49.9527
   setup at destination = 199.027

Path _3957_/CLK to _3898_/D delay 2369.88 ps
      0.0 ps  pclk_bF$buf41: CLKBUF1_insert154/Y ->          _3957_/CLK
      0.0 ps           busy:            _3957_/Q ->  BUFX2_insert30/A
    379.7 ps   busy_bF$buf9:    BUFX2_insert30/Y ->          _2235_/A
    643.4 ps          _535_:            _2235_/Y ->          _2239_/B
   1030.2 ps          _539_:            _2239_/Y -> BUFX2_insert200/A
   1539.0 ps  _539__bF$buf6:   BUFX2_insert200/Y ->          _2862_/B
   1791.1 ps         _1093_:            _2862_/Y ->          _2863_/A
   1933.5 ps         _1094_:            _2863_/Y ->          _2865_/B
   2033.0 ps         _1096_:            _2865_/Y ->          _2866_/C
   2120.9 ps          _167_:            _2866_/Y ->          _3898_/D

   clock skew at destination = 49.9527
   setup at destination = 199.027

Path _3957_/CLK to _3902_/D delay 2369.88 ps
      0.0 ps  pclk_bF$buf41: CLKBUF1_insert154/Y ->          _3957_/CLK
      0.0 ps           busy:            _3957_/Q ->  BUFX2_insert30/A
    379.7 ps   busy_bF$buf9:    BUFX2_insert30/Y ->          _2235_/A
    643.4 ps          _535_:            _2235_/Y ->          _2239_/B
   1030.2 ps          _539_:            _2239_/Y -> BUFX2_insert200/A
   1539.0 ps  _539__bF$buf6:   BUFX2_insert200/Y ->          _2898_/B
   1791.1 ps         _1125_:            _2898_/Y ->          _2899_/A
   1933.5 ps         _1126_:            _2899_/Y ->          _2901_/B
   2033.0 ps         _1128_:            _2901_/Y ->          _2902_/C
   2120.9 ps          _171_:            _2902_/Y ->          _3902_/D

   clock skew at destination = 49.9527
   setup at destination = 199.027

Path _3957_/CLK to _3910_/D delay 2369.88 ps
      0.0 ps  pclk_bF$buf41: CLKBUF1_insert154/Y ->          _3957_/CLK
      0.0 ps           busy:            _3957_/Q ->  BUFX2_insert30/A
    379.7 ps   busy_bF$buf9:    BUFX2_insert30/Y ->          _2235_/A
    643.4 ps          _535_:            _2235_/Y ->          _2239_/B
   1030.2 ps          _539_:            _2239_/Y -> BUFX2_insert197/A
   1539.0 ps  _539__bF$buf9:   BUFX2_insert197/Y ->          _2970_/B
   1791.1 ps         _1189_:            _2970_/Y ->          _2971_/A
   1933.5 ps         _1190_:            _2971_/Y ->          _2973_/B
   2033.0 ps         _1192_:            _2973_/Y ->          _2974_/C
   2120.9 ps          _179_:            _2974_/Y ->          _3910_/D

   clock skew at destination = 49.9527
   setup at destination = 199.027

Path _3957_/CLK to _3829_/D delay 2369.88 ps
      0.0 ps  pclk_bF$buf41: CLKBUF1_insert154/Y ->          _3957_/CLK
      0.0 ps           busy:            _3957_/Q ->  BUFX2_insert30/A
    379.7 ps   busy_bF$buf9:    BUFX2_insert30/Y ->          _2235_/A
    643.4 ps          _535_:            _2235_/Y ->          _2239_/B
   1030.2 ps          _539_:            _2239_/Y -> BUFX2_insert201/A
   1539.0 ps  _539__bF$buf5:   BUFX2_insert201/Y ->          _2241_/B
   1791.1 ps          _541_:            _2241_/Y ->          _2242_/A
   1933.5 ps          _542_:            _2242_/Y ->          _2244_/B
   2033.0 ps          _544_:            _2244_/Y ->          _2245_/C
   2120.9 ps           _98_:            _2245_/Y ->          _3829_/D

   clock skew at destination = 49.9527
   setup at destination = 199.027

Path _3957_/CLK to _3861_/D delay 2369.88 ps
      0.0 ps  pclk_bF$buf41: CLKBUF1_insert154/Y ->          _3957_/CLK
      0.0 ps           busy:            _3957_/Q ->  BUFX2_insert30/A
    379.7 ps   busy_bF$buf9:    BUFX2_insert30/Y ->          _2235_/A
    643.4 ps          _535_:            _2235_/Y ->          _2239_/B
   1030.2 ps          _539_:            _2239_/Y -> BUFX2_insert201/A
   1539.0 ps  _539__bF$buf5:   BUFX2_insert201/Y ->          _2529_/B
   1791.1 ps          _797_:            _2529_/Y ->          _2530_/A
   1933.5 ps          _798_:            _2530_/Y ->          _2532_/B
   2033.0 ps          _800_:            _2532_/Y ->          _2533_/C
   2120.9 ps          _130_:            _2533_/Y ->          _3861_/D

   clock skew at destination = 49.9527
   setup at destination = 199.027

Path _3957_/CLK to _3888_/D delay 2368.37 ps
      0.0 ps  pclk_bF$buf41: CLKBUF1_insert154/Y ->          _3957_/CLK
      0.0 ps           busy:            _3957_/Q ->  BUFX2_insert30/A
    379.7 ps   busy_bF$buf9:    BUFX2_insert30/Y ->          _2235_/A
    643.4 ps          _535_:            _2235_/Y ->          _2239_/B
   1030.2 ps          _539_:            _2239_/Y -> BUFX2_insert199/A
   1539.0 ps  _539__bF$buf7:   BUFX2_insert199/Y ->          _2772_/B
   1791.1 ps         _1013_:            _2772_/Y ->          _2774_/B
   1915.0 ps         _1015_:            _2774_/Y ->          _2775_/A
   2032.3 ps         _1016_:            _2775_/Y ->          _2776_/C
   2123.9 ps          _157_:            _2776_/Y ->          _3888_/D

   clock skew at destination = 43.3538
   setup at destination = 201.089

Path _3957_/CLK to _3859_/D delay 2368.37 ps
      0.0 ps  pclk_bF$buf41: CLKBUF1_insert154/Y ->          _3957_/CLK
      0.0 ps           busy:            _3957_/Q ->  BUFX2_insert30/A
    379.7 ps   busy_bF$buf9:    BUFX2_insert30/Y ->          _2235_/A
    643.4 ps          _535_:            _2235_/Y ->          _2239_/B
   1030.2 ps          _539_:            _2239_/Y -> BUFX2_insert200/A
   1539.0 ps  _539__bF$buf6:   BUFX2_insert200/Y ->          _2511_/B
   1791.1 ps          _781_:            _2511_/Y ->          _2513_/B
   1915.0 ps          _783_:            _2513_/Y ->          _2514_/A
   2032.3 ps          _784_:            _2514_/Y ->          _2515_/C
   2123.9 ps          _128_:            _2515_/Y ->          _3859_/D

   clock skew at destination = 43.3538
   setup at destination = 201.089

Path _3957_/CLK to _3856_/D delay 2368.37 ps
      0.0 ps  pclk_bF$buf41: CLKBUF1_insert154/Y ->          _3957_/CLK
      0.0 ps           busy:            _3957_/Q ->  BUFX2_insert30/A
    379.7 ps   busy_bF$buf9:    BUFX2_insert30/Y ->          _2235_/A
    643.4 ps          _535_:            _2235_/Y ->          _2239_/B
   1030.2 ps          _539_:            _2239_/Y -> BUFX2_insert201/A
   1539.0 ps  _539__bF$buf5:   BUFX2_insert201/Y ->          _2484_/B
   1791.1 ps          _757_:            _2484_/Y ->          _2486_/B
   1915.0 ps          _759_:            _2486_/Y ->          _2487_/A
   2032.3 ps          _760_:            _2487_/Y ->          _2488_/C
   2123.9 ps          _125_:            _2488_/Y ->          _3856_/D

   clock skew at destination = 43.3538
   setup at destination = 201.089

Path _3957_/CLK to _3874_/D delay 2368.37 ps
      0.0 ps  pclk_bF$buf41: CLKBUF1_insert154/Y ->          _3957_/CLK
      0.0 ps           busy:            _3957_/Q ->  BUFX2_insert30/A
    379.7 ps   busy_bF$buf9:    BUFX2_insert30/Y ->          _2235_/A
    643.4 ps          _535_:            _2235_/Y ->          _2239_/B
   1030.2 ps          _539_:            _2239_/Y -> BUFX2_insert203/A
   1539.0 ps  _539__bF$buf3:   BUFX2_insert203/Y ->          _2646_/B
   1791.1 ps          _901_:            _2646_/Y ->          _2648_/B
   1915.0 ps          _903_:            _2648_/Y ->          _2649_/A
   2032.3 ps          _904_:            _2649_/Y ->          _2650_/C
   2123.9 ps          _143_:            _2650_/Y ->          _3874_/D

   clock skew at destination = 43.3538
   setup at destination = 201.089

Path _3957_/CLK to _3906_/D delay 2368.37 ps
      0.0 ps  pclk_bF$buf41: CLKBUF1_insert154/Y ->          _3957_/CLK
      0.0 ps           busy:            _3957_/Q ->  BUFX2_insert30/A
    379.7 ps   busy_bF$buf9:    BUFX2_insert30/Y ->          _2235_/A
    643.4 ps          _535_:            _2235_/Y ->          _2239_/B
   1030.2 ps          _539_:            _2239_/Y -> BUFX2_insert200/A
   1539.0 ps  _539__bF$buf6:   BUFX2_insert200/Y ->          _2934_/B
   1791.1 ps         _1157_:            _2934_/Y ->          _2936_/B
   1915.0 ps         _1159_:            _2936_/Y ->          _2937_/A
   2032.3 ps         _1160_:            _2937_/Y ->          _2938_/C
   2123.9 ps          _175_:            _2938_/Y ->          _3906_/D

   clock skew at destination = 43.3538
   setup at destination = 201.089

Path _3957_/CLK to _3854_/D delay 2368.37 ps
      0.0 ps  pclk_bF$buf41: CLKBUF1_insert154/Y ->          _3957_/CLK
      0.0 ps           busy:            _3957_/Q ->  BUFX2_insert30/A
    379.7 ps   busy_bF$buf9:    BUFX2_insert30/Y ->          _2235_/A
    643.4 ps          _535_:            _2235_/Y ->          _2239_/B
   1030.2 ps          _539_:            _2239_/Y -> BUFX2_insert197/A
   1539.0 ps  _539__bF$buf9:   BUFX2_insert197/Y ->          _2466_/B
   1791.1 ps          _741_:            _2466_/Y ->          _2468_/B
   1915.0 ps          _743_:            _2468_/Y ->          _2469_/A
   2032.3 ps          _744_:            _2469_/Y ->          _2470_/C
   2123.9 ps          _123_:            _2470_/Y ->          _3854_/D

   clock skew at destination = 43.3538
   setup at destination = 201.089

Path _3957_/CLK to _3887_/D delay 2368.37 ps
      0.0 ps  pclk_bF$buf41: CLKBUF1_insert154/Y ->          _3957_/CLK
      0.0 ps           busy:            _3957_/Q ->  BUFX2_insert30/A
    379.7 ps   busy_bF$buf9:    BUFX2_insert30/Y ->          _2235_/A
    643.4 ps          _535_:            _2235_/Y ->          _2239_/B
   1030.2 ps          _539_:            _2239_/Y -> BUFX2_insert201/A
   1539.0 ps  _539__bF$buf5:   BUFX2_insert201/Y ->          _2763_/B
   1791.1 ps         _1005_:            _2763_/Y ->          _2765_/B
   1915.0 ps         _1007_:            _2765_/Y ->          _2766_/A
   2032.3 ps         _1008_:            _2766_/Y ->          _2767_/C
   2123.9 ps          _156_:            _2767_/Y ->          _3887_/D

   clock skew at destination = 43.3538
   setup at destination = 201.089

Path _3957_/CLK to _3879_/D delay 2364.84 ps
      0.0 ps  pclk_bF$buf41: CLKBUF1_insert154/Y ->          _3957_/CLK
      0.0 ps           busy:            _3957_/Q ->  BUFX2_insert30/A
    379.7 ps   busy_bF$buf9:    BUFX2_insert30/Y ->          _2235_/A
    643.4 ps          _535_:            _2235_/Y ->          _2239_/B
   1030.2 ps          _539_:            _2239_/Y -> BUFX2_insert201/A
   1539.0 ps  _539__bF$buf5:   BUFX2_insert201/Y ->          _2691_/B
   1791.1 ps          _941_:            _2691_/Y ->          _2692_/A
   1933.5 ps          _942_:            _2692_/Y ->          _2694_/B
   2033.0 ps          _944_:            _2694_/Y ->          _2695_/C
   2120.9 ps          _148_:            _2695_/Y ->          _3879_/D

   clock skew at destination = 43.3538
   setup at destination = 200.587

Computed maximum clock frequency (zero margin) = 421.335 MHz
-----------------------------------------

Number of paths analyzed:  422

Top 20 minimum delay paths:
Path _3962_/CLK to _3962_/D delay 133.878 ps
      0.0 ps  pclk_bF$buf40: CLKBUF1_insert155/Y -> _3962_/CLK
      0.0 ps           done:            _3962_/Q -> _3403_/C
     63.5 ps         _1571_:            _3403_/Y -> _3404_/C
    127.4 ps          _230_:            _3404_/Y -> _3962_/D

   clock skew at destination = 0
   hold at destination = 6.43211

Path _3823_/CLK to _3823_/D delay 141.064 ps
      0.0 ps    pclk_bF$buf24: CLKBUF1_insert171/Y -> _3823_/CLK
      0.0 ps  data_in_reg[26]:            _3823_/Q -> _2223_/A
     70.6 ps            _529_:            _2223_/Y -> _2224_/C
    134.1 ps             _92_:            _2224_/Y -> _3823_/D

   clock skew at destination = 0
   hold at destination = 6.9532

Path _3752_/CLK to _3752_/D delay 141.064 ps
      0.0 ps  pclk_bF$buf24: CLKBUF1_insert171/Y -> _3752_/CLK
      0.0 ps    key_reg[19]:            _3752_/Q -> _2064_/A
     70.6 ps          _441_:            _2064_/Y -> _2065_/C
    134.1 ps           _21_:            _2065_/Y -> _3752_/D

   clock skew at destination = 0
   hold at destination = 6.9532

Path _3805_/CLK to _3805_/D delay 141.064 ps
      0.0 ps   pclk_bF$buf24: CLKBUF1_insert171/Y -> _3805_/CLK
      0.0 ps  data_in_reg[8]:            _3805_/Q -> _2187_/A
     70.6 ps           _511_:            _2187_/Y -> _2188_/C
    134.1 ps            _74_:            _2188_/Y -> _3805_/D

   clock skew at destination = 0
   hold at destination = 6.9532

Path _4030_/CLK to _4030_/D delay 141.064 ps
      0.0 ps    pclk_bF$buf24: CLKBUF1_insert171/Y -> _4030_/CLK
      0.0 ps  data_in_reg[66]:            _4030_/Q -> _3541_/A
     70.6 ps           _1642_:            _3541_/Y -> _3542_/C
    134.1 ps            _297_:            _3542_/Y -> _4030_/D

   clock skew at destination = 0
   hold at destination = 6.9532

Path _3767_/CLK to _3767_/D delay 141.064 ps
      0.0 ps  pclk_bF$buf24: CLKBUF1_insert171/Y -> _3767_/CLK
      0.0 ps    key_reg[34]:            _3767_/Q -> _2108_/A
     70.6 ps          _470_:            _2108_/Y -> _2109_/C
    134.1 ps           _36_:            _2109_/Y -> _3767_/D

   clock skew at destination = 0
   hold at destination = 6.9532

Path _3998_/CLK to _3998_/D delay 141.064 ps
      0.0 ps     pclk_bF$buf2: CLKBUF1_insert193/Y -> _3998_/CLK
      0.0 ps  data_in_reg[34]:            _3998_/Q -> _3476_/A
     70.6 ps           _1609_:            _3476_/Y -> _3477_/C
    134.1 ps            _265_:            _3477_/Y -> _3998_/D

   clock skew at destination = 0
   hold at destination = 6.9532

Path _4022_/CLK to _4022_/D delay 141.064 ps
      0.0 ps     pclk_bF$buf2: CLKBUF1_insert193/Y -> _4022_/CLK
      0.0 ps  data_in_reg[58]:            _4022_/Q -> _3524_/A
     70.6 ps           _1633_:            _3524_/Y -> _3525_/C
    134.1 ps            _289_:            _3525_/Y -> _4022_/D

   clock skew at destination = 0
   hold at destination = 6.9532

Path _3971_/CLK to _3971_/D delay 141.064 ps
      0.0 ps  pclk_bF$buf2: CLKBUF1_insert193/Y -> _3971_/CLK
      0.0 ps   key_reg[72]:            _3971_/Q -> _3423_/A
     70.6 ps        _1582_:            _3423_/Y -> _3424_/C
    134.1 ps         _239_:            _3424_/Y -> _3971_/D

   clock skew at destination = 0
   hold at destination = 6.9532

Path _3965_/CLK to _3965_/D delay 141.064 ps
      0.0 ps  pclk_bF$buf2: CLKBUF1_insert193/Y -> _3965_/CLK
      0.0 ps   key_reg[66]:            _3965_/Q -> _3411_/A
     70.6 ps        _1576_:            _3411_/Y -> _3412_/C
    134.1 ps         _233_:            _3412_/Y -> _3965_/D

   clock skew at destination = 0
   hold at destination = 6.9532

Path _3765_/CLK to _3765_/D delay 141.064 ps
      0.0 ps  pclk_bF$buf2: CLKBUF1_insert193/Y -> _3765_/CLK
      0.0 ps   key_reg[32]:            _3765_/Q -> _2104_/A
     70.6 ps         _468_:            _2104_/Y -> _2105_/C
    134.1 ps          _34_:            _2105_/Y -> _3765_/D

   clock skew at destination = 0
   hold at destination = 6.9532

Path _3996_/CLK to _3996_/D delay 141.064 ps
      0.0 ps     pclk_bF$buf2: CLKBUF1_insert193/Y -> _3996_/CLK
      0.0 ps  data_in_reg[32]:            _3996_/Q -> _3472_/A
     70.6 ps           _1607_:            _3472_/Y -> _3473_/C
    134.1 ps            _263_:            _3473_/Y -> _3996_/D

   clock skew at destination = 0
   hold at destination = 6.9532

Path _4114_/CLK to _4114_/D delay 141.064 ps
      0.0 ps  pclk_bF$buf18: CLKBUF1_insert177/Y -> _4114_/CLK
      0.0 ps   key_reg[118]:            _4114_/Q -> _3713_/A
     70.6 ps         _1730_:            _3713_/Y -> _3714_/C
    134.1 ps          _381_:            _3714_/Y -> _4114_/D

   clock skew at destination = 0
   hold at destination = 6.9532

Path _4046_/CLK to _4046_/D delay 141.064 ps
      0.0 ps    pclk_bF$buf18: CLKBUF1_insert177/Y -> _4046_/CLK
      0.0 ps  data_in_reg[82]:            _4046_/Q -> _3573_/A
     70.6 ps           _1658_:            _3573_/Y -> _3574_/C
    134.1 ps            _313_:            _3574_/Y -> _4046_/D

   clock skew at destination = 0
   hold at destination = 6.9532

Path _4035_/CLK to _4035_/D delay 141.064 ps
      0.0 ps    pclk_bF$buf23: CLKBUF1_insert172/Y -> _4035_/CLK
      0.0 ps  data_in_reg[71]:            _4035_/Q -> _3551_/A
     70.6 ps           _1647_:            _3551_/Y -> _3552_/C
    134.1 ps            _302_:            _3552_/Y -> _4035_/D

   clock skew at destination = 0
   hold at destination = 6.9532

Path _3822_/CLK to _3822_/D delay 141.064 ps
      0.0 ps    pclk_bF$buf23: CLKBUF1_insert172/Y -> _3822_/CLK
      0.0 ps  data_in_reg[25]:            _3822_/Q -> _2221_/A
     70.6 ps            _528_:            _2221_/Y -> _2222_/C
    134.1 ps             _91_:            _2222_/Y -> _3822_/D

   clock skew at destination = 0
   hold at destination = 6.9532

Path _3804_/CLK to _3804_/D delay 141.064 ps
      0.0 ps   pclk_bF$buf23: CLKBUF1_insert172/Y -> _3804_/CLK
      0.0 ps  data_in_reg[7]:            _3804_/Q -> _2185_/A
     70.6 ps           _510_:            _2185_/Y -> _2186_/C
    134.1 ps            _73_:            _2186_/Y -> _3804_/D

   clock skew at destination = 0
   hold at destination = 6.9532

Path _4045_/CLK to _4045_/D delay 141.064 ps
      0.0 ps    pclk_bF$buf23: CLKBUF1_insert172/Y -> _4045_/CLK
      0.0 ps  data_in_reg[81]:            _4045_/Q -> _3571_/A
     70.6 ps           _1657_:            _3571_/Y -> _3572_/C
    134.1 ps            _312_:            _3572_/Y -> _4045_/D

   clock skew at destination = 0
   hold at destination = 6.9532

Path _3970_/CLK to _3970_/D delay 141.064 ps
      0.0 ps  pclk_bF$buf23: CLKBUF1_insert172/Y -> _3970_/CLK
      0.0 ps    key_reg[71]:            _3970_/Q -> _3421_/A
     70.6 ps         _1581_:            _3421_/Y -> _3422_/C
    134.1 ps          _238_:            _3422_/Y -> _3970_/D

   clock skew at destination = 0
   hold at destination = 6.9532

Path _4116_/CLK to _4116_/D delay 141.064 ps
      0.0 ps  pclk_bF$buf38: CLKBUF1_insert157/Y -> _4116_/CLK
      0.0 ps   key_reg[120]:            _4116_/Q -> _3717_/A
     70.6 ps         _1732_:            _3717_/Y -> _3718_/C
    134.1 ps          _383_:            _3718_/Y -> _4116_/D

   clock skew at destination = 0
   hold at destination = 6.9532

Design meets minimum hold timing.
-----------------------------------------

Number of paths analyzed:  289

Top 20 maximum delay paths:
Path input pin paddr[5] to output pin prdata[6] delay 1720.29 ps
      0.0 ps        paddr[5]:                  ->         _1865_/A
     97.4 ps          _1753_:         _1865_/Y ->         _1866_/C
    469.8 ps          _1754_:         _1866_/Y ->         _1867_/A
    943.4 ps          _1755_:         _1867_/Y ->         _1904_/A
   1054.0 ps          _1790_:         _1904_/Y -> BUFX2_insert68/A
   1341.3 ps  _1790__bF$buf0: BUFX2_insert68/Y ->         _1919_/D
   1482.4 ps          _1801_:         _1919_/Y ->         _1920_/A
   1590.9 ps       _1850_[6]:         _1920_/Y ->         _4152_/A
   1720.3 ps       prdata[6]:         _4152_/Y -> prdata[6]

Path input pin paddr[5] to output pin prdata[3] delay 1720.29 ps
      0.0 ps        paddr[5]:                  ->         _1865_/A
     97.4 ps          _1753_:         _1865_/Y ->         _1866_/C
    469.8 ps          _1754_:         _1866_/Y ->         _1867_/A
    943.4 ps          _1755_:         _1867_/Y ->         _1904_/A
   1054.0 ps          _1790_:         _1904_/Y -> BUFX2_insert68/A
   1341.3 ps  _1790__bF$buf0: BUFX2_insert68/Y ->         _1910_/D
   1482.4 ps          _1795_:         _1910_/Y ->         _1911_/A
   1590.9 ps       _1850_[3]:         _1911_/Y ->         _4147_/A
   1720.3 ps       prdata[3]:         _4147_/Y -> prdata[3]

Path input pin paddr[5] to output pin prdata[27] delay 1720.29 ps
      0.0 ps        paddr[5]:                  ->         _1865_/A
     97.4 ps          _1753_:         _1865_/Y ->         _1866_/C
    469.8 ps          _1754_:         _1866_/Y ->         _1867_/A
    943.4 ps          _1755_:         _1867_/Y ->         _1904_/A
   1054.0 ps          _1790_:         _1904_/Y -> BUFX2_insert68/A
   1341.3 ps  _1790__bF$buf0: BUFX2_insert68/Y ->         _1982_/D
   1482.4 ps          _1843_:         _1982_/Y ->         _1983_/A
   1590.9 ps      _1850_[27]:         _1983_/Y ->         _4144_/A
   1720.3 ps      prdata[27]:         _4144_/Y -> prdata[27]

Path input pin paddr[5] to output pin prdata[19] delay 1720.29 ps
      0.0 ps        paddr[5]:                  ->         _1865_/A
     97.4 ps          _1753_:         _1865_/Y ->         _1866_/C
    469.8 ps          _1754_:         _1866_/Y ->         _1867_/A
    943.4 ps          _1755_:         _1867_/Y ->         _1904_/A
   1054.0 ps          _1790_:         _1904_/Y -> BUFX2_insert68/A
   1341.3 ps  _1790__bF$buf0: BUFX2_insert68/Y ->         _1958_/D
   1482.4 ps          _1827_:         _1958_/Y ->         _1959_/A
   1590.9 ps      _1850_[19]:         _1959_/Y ->         _4135_/A
   1720.3 ps      prdata[19]:         _4135_/Y -> prdata[19]

Path input pin paddr[5] to output pin prdata[18] delay 1720.29 ps
      0.0 ps        paddr[5]:                  ->         _1865_/A
     97.4 ps          _1753_:         _1865_/Y ->         _1866_/C
    469.8 ps          _1754_:         _1866_/Y ->         _1867_/A
    943.4 ps          _1755_:         _1867_/Y ->         _1904_/A
   1054.0 ps          _1790_:         _1904_/Y -> BUFX2_insert68/A
   1341.3 ps  _1790__bF$buf0: BUFX2_insert68/Y ->         _1955_/D
   1482.4 ps          _1825_:         _1955_/Y ->         _1956_/A
   1590.9 ps      _1850_[18]:         _1956_/Y ->         _4134_/A
   1720.3 ps      prdata[18]:         _4134_/Y -> prdata[18]

Path input pin paddr[5] to output pin prdata[11] delay 1720.29 ps
      0.0 ps        paddr[5]:                  ->         _1865_/A
     97.4 ps          _1753_:         _1865_/Y ->         _1866_/C
    469.8 ps          _1754_:         _1866_/Y ->         _1867_/A
    943.4 ps          _1755_:         _1867_/Y ->         _1904_/A
   1054.0 ps          _1790_:         _1904_/Y -> BUFX2_insert65/A
   1341.3 ps  _1790__bF$buf3: BUFX2_insert65/Y ->         _1934_/D
   1482.4 ps          _1811_:         _1934_/Y ->         _1935_/A
   1590.9 ps      _1850_[11]:         _1935_/Y ->         _4127_/A
   1720.3 ps      prdata[11]:         _4127_/Y -> prdata[11]

Path input pin paddr[5] to output pin prdata[25] delay 1720.29 ps
      0.0 ps        paddr[5]:                  ->         _1865_/A
     97.4 ps          _1753_:         _1865_/Y ->         _1866_/C
    469.8 ps          _1754_:         _1866_/Y ->         _1867_/A
    943.4 ps          _1755_:         _1867_/Y ->         _1904_/A
   1054.0 ps          _1790_:         _1904_/Y -> BUFX2_insert64/A
   1341.3 ps  _1790__bF$buf4: BUFX2_insert64/Y ->         _1976_/D
   1482.4 ps          _1839_:         _1976_/Y ->         _1977_/A
   1590.9 ps      _1850_[25]:         _1977_/Y ->         _4142_/A
   1720.3 ps      prdata[25]:         _4142_/Y -> prdata[25]

Path input pin paddr[5] to output pin prdata[23] delay 1720.29 ps
      0.0 ps        paddr[5]:                  ->         _1865_/A
     97.4 ps          _1753_:         _1865_/Y ->         _1866_/C
    469.8 ps          _1754_:         _1866_/Y ->         _1867_/A
    943.4 ps          _1755_:         _1867_/Y ->         _1904_/A
   1054.0 ps          _1790_:         _1904_/Y -> BUFX2_insert64/A
   1341.3 ps  _1790__bF$buf4: BUFX2_insert64/Y ->         _1970_/D
   1482.4 ps          _1835_:         _1970_/Y ->         _1971_/A
   1590.9 ps      _1850_[23]:         _1971_/Y ->         _4140_/A
   1720.3 ps      prdata[23]:         _4140_/Y -> prdata[23]

Path input pin paddr[5] to output pin prdata[22] delay 1720.29 ps
      0.0 ps        paddr[5]:                  ->         _1865_/A
     97.4 ps          _1753_:         _1865_/Y ->         _1866_/C
    469.8 ps          _1754_:         _1866_/Y ->         _1867_/A
    943.4 ps          _1755_:         _1867_/Y ->         _1904_/A
   1054.0 ps          _1790_:         _1904_/Y -> BUFX2_insert66/A
   1341.3 ps  _1790__bF$buf2: BUFX2_insert66/Y ->         _1967_/D
   1482.4 ps          _1833_:         _1967_/Y ->         _1968_/A
   1590.9 ps      _1850_[22]:         _1968_/Y ->         _4139_/A
   1720.3 ps      prdata[22]:         _4139_/Y -> prdata[22]

Path input pin paddr[5] to output pin prdata[16] delay 1720.29 ps
      0.0 ps        paddr[5]:                  ->         _1865_/A
     97.4 ps          _1753_:         _1865_/Y ->         _1866_/C
    469.8 ps          _1754_:         _1866_/Y ->         _1867_/A
    943.4 ps          _1755_:         _1867_/Y ->         _1904_/A
   1054.0 ps          _1790_:         _1904_/Y -> BUFX2_insert64/A
   1341.3 ps  _1790__bF$buf4: BUFX2_insert64/Y ->         _1949_/D
   1482.4 ps          _1821_:         _1949_/Y ->         _1950_/A
   1590.9 ps      _1850_[16]:         _1950_/Y ->         _4132_/A
   1720.3 ps      prdata[16]:         _4132_/Y -> prdata[16]

Path input pin paddr[5] to output pin prdata[15] delay 1720.29 ps
      0.0 ps        paddr[5]:                  ->         _1865_/A
     97.4 ps          _1753_:         _1865_/Y ->         _1866_/C
    469.8 ps          _1754_:         _1866_/Y ->         _1867_/A
    943.4 ps          _1755_:         _1867_/Y ->         _1904_/A
   1054.0 ps          _1790_:         _1904_/Y -> BUFX2_insert65/A
   1341.3 ps  _1790__bF$buf3: BUFX2_insert65/Y ->         _1946_/D
   1482.4 ps          _1819_:         _1946_/Y ->         _1947_/A
   1590.9 ps      _1850_[15]:         _1947_/Y ->         _4131_/A
   1720.3 ps      prdata[15]:         _4131_/Y -> prdata[15]

Path input pin paddr[5] to output pin prdata[10] delay 1720.29 ps
      0.0 ps        paddr[5]:                  ->         _1865_/A
     97.4 ps          _1753_:         _1865_/Y ->         _1866_/C
    469.8 ps          _1754_:         _1866_/Y ->         _1867_/A
    943.4 ps          _1755_:         _1867_/Y ->         _1904_/A
   1054.0 ps          _1790_:         _1904_/Y -> BUFX2_insert66/A
   1341.3 ps  _1790__bF$buf2: BUFX2_insert66/Y ->         _1931_/D
   1482.4 ps          _1809_:         _1931_/Y ->         _1932_/A
   1590.9 ps      _1850_[10]:         _1932_/Y ->         _4126_/A
   1720.3 ps      prdata[10]:         _4126_/Y -> prdata[10]

Path input pin paddr[5] to output pin prdata[4] delay 1720.29 ps
      0.0 ps        paddr[5]:                  ->         _1865_/A
     97.4 ps          _1753_:         _1865_/Y ->         _1866_/C
    469.8 ps          _1754_:         _1866_/Y ->         _1867_/A
    943.4 ps          _1755_:         _1867_/Y ->         _1904_/A
   1054.0 ps          _1790_:         _1904_/Y -> BUFX2_insert67/A
   1341.3 ps  _1790__bF$buf1: BUFX2_insert67/Y ->         _1913_/D
   1482.4 ps          _1797_:         _1913_/Y ->         _1914_/A
   1590.9 ps       _1850_[4]:         _1914_/Y ->         _4150_/A
   1720.3 ps       prdata[4]:         _4150_/Y -> prdata[4]

Path input pin paddr[5] to output pin prdata[29] delay 1720.29 ps
      0.0 ps        paddr[5]:                  ->         _1865_/A
     97.4 ps          _1753_:         _1865_/Y ->         _1866_/C
    469.8 ps          _1754_:         _1866_/Y ->         _1867_/A
    943.4 ps          _1755_:         _1867_/Y ->         _1904_/A
   1054.0 ps          _1790_:         _1904_/Y -> BUFX2_insert67/A
   1341.3 ps  _1790__bF$buf1: BUFX2_insert67/Y ->         _1988_/D
   1482.4 ps          _1847_:         _1988_/Y ->         _1989_/A
   1590.9 ps      _1850_[29]:         _1989_/Y ->         _4146_/A
   1720.3 ps      prdata[29]:         _4146_/Y -> prdata[29]

Path input pin paddr[5] to output pin prdata[28] delay 1720.29 ps
      0.0 ps        paddr[5]:                  ->         _1865_/A
     97.4 ps          _1753_:         _1865_/Y ->         _1866_/C
    469.8 ps          _1754_:         _1866_/Y ->         _1867_/A
    943.4 ps          _1755_:         _1867_/Y ->         _1904_/A
   1054.0 ps          _1790_:         _1904_/Y -> BUFX2_insert67/A
   1341.3 ps  _1790__bF$buf1: BUFX2_insert67/Y ->         _1985_/D
   1482.4 ps          _1845_:         _1985_/Y ->         _1986_/A
   1590.9 ps      _1850_[28]:         _1986_/Y ->         _4145_/A
   1720.3 ps      prdata[28]:         _4145_/Y -> prdata[28]

Path input pin paddr[5] to output pin prdata[21] delay 1720.29 ps
      0.0 ps        paddr[5]:                  ->         _1865_/A
     97.4 ps          _1753_:         _1865_/Y ->         _1866_/C
    469.8 ps          _1754_:         _1866_/Y ->         _1867_/A
    943.4 ps          _1755_:         _1867_/Y ->         _1904_/A
   1054.0 ps          _1790_:         _1904_/Y -> BUFX2_insert67/A
   1341.3 ps  _1790__bF$buf1: BUFX2_insert67/Y ->         _1964_/D
   1482.4 ps          _1831_:         _1964_/Y ->         _1965_/A
   1590.9 ps      _1850_[21]:         _1965_/Y ->         _4138_/A
   1720.3 ps      prdata[21]:         _4138_/Y -> prdata[21]

Path input pin paddr[5] to output pin prdata[20] delay 1720.29 ps
      0.0 ps        paddr[5]:                  ->         _1865_/A
     97.4 ps          _1753_:         _1865_/Y ->         _1866_/C
    469.8 ps          _1754_:         _1866_/Y ->         _1867_/A
    943.4 ps          _1755_:         _1867_/Y ->         _1904_/A
   1054.0 ps          _1790_:         _1904_/Y -> BUFX2_insert67/A
   1341.3 ps  _1790__bF$buf1: BUFX2_insert67/Y ->         _1961_/D
   1482.4 ps          _1829_:         _1961_/Y ->         _1962_/A
   1590.9 ps      _1850_[20]:         _1962_/Y ->         _4137_/A
   1720.3 ps      prdata[20]:         _4137_/Y -> prdata[20]

Path input pin paddr[5] to output pin prdata[12] delay 1720.29 ps
      0.0 ps        paddr[5]:                  ->         _1865_/A
     97.4 ps          _1753_:         _1865_/Y ->         _1866_/C
    469.8 ps          _1754_:         _1866_/Y ->         _1867_/A
    943.4 ps          _1755_:         _1867_/Y ->         _1904_/A
   1054.0 ps          _1790_:         _1904_/Y -> BUFX2_insert67/A
   1341.3 ps  _1790__bF$buf1: BUFX2_insert67/Y ->         _1937_/D
   1482.4 ps          _1813_:         _1937_/Y ->         _1938_/A
   1590.9 ps      _1850_[12]:         _1938_/Y ->         _4128_/A
   1720.3 ps      prdata[12]:         _4128_/Y -> prdata[12]

Path input pin paddr[5] to output pin prdata[7] delay 1720.29 ps
      0.0 ps        paddr[5]:                  ->         _1865_/A
     97.4 ps          _1753_:         _1865_/Y ->         _1866_/C
    469.8 ps          _1754_:         _1866_/Y ->         _1867_/A
    943.4 ps          _1755_:         _1867_/Y ->         _1904_/A
   1054.0 ps          _1790_:         _1904_/Y -> BUFX2_insert64/A
   1341.3 ps  _1790__bF$buf4: BUFX2_insert64/Y ->         _1922_/D
   1482.4 ps          _1803_:         _1922_/Y ->         _1923_/A
   1590.9 ps       _1850_[7]:         _1923_/Y ->         _4153_/A
   1720.3 ps       prdata[7]:         _4153_/Y -> prdata[7]

Path input pin paddr[5] to output pin prdata[5] delay 1720.29 ps
      0.0 ps        paddr[5]:                  ->         _1865_/A
     97.4 ps          _1753_:         _1865_/Y ->         _1866_/C
    469.8 ps          _1754_:         _1866_/Y ->         _1867_/A
    943.4 ps          _1755_:         _1867_/Y ->         _1904_/A
   1054.0 ps          _1790_:         _1904_/Y -> BUFX2_insert66/A
   1341.3 ps  _1790__bF$buf2: BUFX2_insert66/Y ->         _1916_/D
   1482.4 ps          _1799_:         _1916_/Y ->         _1917_/A
   1590.9 ps       _1850_[5]:         _1917_/Y ->         _4151_/A
   1720.3 ps       prdata[5]:         _4151_/Y -> prdata[5]

-----------------------------------------

Number of paths analyzed:  289

Top 20 minimum delay paths:
Path input pin pwdata[26] to _4086_/D delay 141.064 ps
      0.0 ps  pwdata[26]:          -> _3656_/A
     70.6 ps      _1701_: _3656_/Y -> _3657_/C
    134.1 ps       _353_: _3657_/Y -> _4086_/D

   hold at destination = 6.9532

Path input pin pwdata[27] to _4087_/D delay 141.064 ps
      0.0 ps  pwdata[27]:          -> _3658_/A
     70.6 ps      _1702_: _3658_/Y -> _3659_/C
    134.1 ps       _354_: _3659_/Y -> _4087_/D

   hold at destination = 6.9532

Path input pin pwdata[0] to _4060_/D delay 141.064 ps
      0.0 ps  pwdata[0]:          -> _3604_/A
     70.6 ps     _1675_: _3604_/Y -> _3605_/C
    134.1 ps      _327_: _3605_/Y -> _4060_/D

   hold at destination = 6.9532

Path input pin pwdata[3] to _4063_/D delay 141.064 ps
      0.0 ps  pwdata[3]:          -> _3610_/A
     70.6 ps     _1678_: _3610_/Y -> _3611_/C
    134.1 ps      _330_: _3611_/Y -> _4063_/D

   hold at destination = 6.9532

Path input pin pwdata[8] to _4068_/D delay 141.064 ps
      0.0 ps  pwdata[8]:          -> _3620_/A
     70.6 ps     _1683_: _3620_/Y -> _3621_/C
    134.1 ps      _335_: _3621_/Y -> _4068_/D

   hold at destination = 6.9532

Path input pin pwdata[14] to _4074_/D delay 141.064 ps
      0.0 ps  pwdata[14]:          -> _3632_/A
     70.6 ps      _1689_: _3632_/Y -> _3633_/C
    134.1 ps       _341_: _3633_/Y -> _4074_/D

   hold at destination = 6.9532

Path input pin pwdata[19] to _4079_/D delay 141.064 ps
      0.0 ps  pwdata[19]:          -> _3642_/A
     70.6 ps      _1694_: _3642_/Y -> _3643_/C
    134.1 ps       _346_: _3643_/Y -> _4079_/D

   hold at destination = 6.9532

Path input pin pwdata[6] to _4066_/D delay 141.064 ps
      0.0 ps  pwdata[6]:          -> _3616_/A
     70.6 ps     _1681_: _3616_/Y -> _3617_/C
    134.1 ps      _333_: _3617_/Y -> _4066_/D

   hold at destination = 6.9532

Path input pin pwdata[18] to _4078_/D delay 141.064 ps
      0.0 ps  pwdata[18]:          -> _3640_/A
     70.6 ps      _1693_: _3640_/Y -> _3641_/C
    134.1 ps       _345_: _3641_/Y -> _4078_/D

   hold at destination = 6.9532

Path input pin pwdata[1] to _4061_/D delay 141.064 ps
      0.0 ps  pwdata[1]:          -> _3606_/A
     70.6 ps     _1676_: _3606_/Y -> _3607_/C
    134.1 ps      _328_: _3607_/Y -> _4061_/D

   hold at destination = 6.9532

Path input pin pwdata[30] to _4090_/D delay 141.064 ps
      0.0 ps  pwdata[30]:          -> _3664_/A
     70.6 ps      _1705_: _3664_/Y -> _3665_/C
    134.1 ps       _357_: _3665_/Y -> _4090_/D

   hold at destination = 6.9532

Path input pin pwdata[11] to _4071_/D delay 141.064 ps
      0.0 ps  pwdata[11]:          -> _3626_/A
     70.6 ps      _1686_: _3626_/Y -> _3627_/C
    134.1 ps       _338_: _3627_/Y -> _4071_/D

   hold at destination = 6.9532

Path input pin pwdata[20] to _4080_/D delay 141.064 ps
      0.0 ps  pwdata[20]:          -> _3644_/A
     70.6 ps      _1695_: _3644_/Y -> _3645_/C
    134.1 ps       _347_: _3645_/Y -> _4080_/D

   hold at destination = 6.9532

Path input pin pwdata[21] to _4081_/D delay 141.064 ps
      0.0 ps  pwdata[21]:          -> _3646_/A
     70.6 ps      _1696_: _3646_/Y -> _3647_/C
    134.1 ps       _348_: _3647_/Y -> _4081_/D

   hold at destination = 6.9532

Path input pin pwdata[5] to _4065_/D delay 141.064 ps
      0.0 ps  pwdata[5]:          -> _3614_/A
     70.6 ps     _1680_: _3614_/Y -> _3615_/C
    134.1 ps      _332_: _3615_/Y -> _4065_/D

   hold at destination = 6.9532

Path input pin pwdata[9] to _4069_/D delay 141.064 ps
      0.0 ps  pwdata[9]:          -> _3622_/A
     70.6 ps     _1684_: _3622_/Y -> _3623_/C
    134.1 ps      _336_: _3623_/Y -> _4069_/D

   hold at destination = 6.9532

Path input pin pwdata[4] to _4064_/D delay 141.064 ps
      0.0 ps  pwdata[4]:          -> _3612_/A
     70.6 ps     _1679_: _3612_/Y -> _3613_/C
    134.1 ps      _331_: _3613_/Y -> _4064_/D

   hold at destination = 6.9532

Path input pin pwdata[29] to _4089_/D delay 141.064 ps
      0.0 ps  pwdata[29]:          -> _3662_/A
     70.6 ps      _1704_: _3662_/Y -> _3663_/C
    134.1 ps       _356_: _3663_/Y -> _4089_/D

   hold at destination = 6.9532

Path input pin pwdata[28] to _4088_/D delay 141.064 ps
      0.0 ps  pwdata[28]:          -> _3660_/A
     70.6 ps      _1703_: _3660_/Y -> _3661_/C
    134.1 ps       _355_: _3661_/Y -> _4088_/D

   hold at destination = 6.9532

Path input pin pwdata[12] to _4072_/D delay 141.064 ps
      0.0 ps  pwdata[12]:          -> _3628_/A
     70.6 ps      _1687_: _3628_/Y -> _3629_/C
    134.1 ps       _339_: _3629_/Y -> _4072_/D

   hold at destination = 6.9532

-----------------------------------------

